Mar 21 12:03:44 katana kernel: Linux version 6.8.0-106-generic (buildd@lcy02-amd64-074) (x86_64-linux-gnu-gcc-13 (Ubuntu 13.3.0-6ubuntu2~24.04.1) 13.3.0, GNU ld (GNU Binutils for Ubuntu) 2.42) #106-Ubuntu SMP PREEMPT_DYNAMIC Fri Mar  6 07:58:08 UTC 2026 (Ubuntu 6.8.0-106.106-generic 6.8.12)
Mar 21 12:03:44 katana kernel: Command line: BOOT_IMAGE=/boot/vmlinuz-6.8.0-106-generic root=UUID=8c0f1071-8f25-479b-bbc2-d9f64cf3290b ro quiet
Mar 21 12:03:44 katana kernel: KERNEL supported cpus:
Mar 21 12:03:44 katana kernel:   Intel GenuineIntel
Mar 21 12:03:44 katana kernel:   AMD AuthenticAMD
Mar 21 12:03:44 katana kernel:   Hygon HygonGenuine
Mar 21 12:03:44 katana kernel:   Centaur CentaurHauls
Mar 21 12:03:44 katana kernel:   zhaoxin   Shanghai  
Mar 21 12:03:44 katana kernel: BIOS-provided physical RAM map:
Mar 21 12:03:44 katana kernel: BIOS-e820: [mem 0x0000000000000000-0x000000000009efff] usable
Mar 21 12:03:44 katana kernel: BIOS-e820: [mem 0x000000000009f000-0x00000000000fffff] reserved
Mar 21 12:03:44 katana kernel: BIOS-e820: [mem 0x0000000000100000-0x0000000082091fff] usable
Mar 21 12:03:44 katana kernel: BIOS-e820: [mem 0x0000000082092000-0x0000000082092fff] ACPI NVS
Mar 21 12:03:44 katana kernel: BIOS-e820: [mem 0x0000000082093000-0x0000000082093fff] reserved
Mar 21 12:03:44 katana kernel: BIOS-e820: [mem 0x0000000082094000-0x000000008c985fff] usable
Mar 21 12:03:44 katana kernel: BIOS-e820: [mem 0x000000008c986000-0x000000008e58dfff] reserved
Mar 21 12:03:44 katana kernel: BIOS-e820: [mem 0x000000008e58e000-0x000000008e61dfff] ACPI data
Mar 21 12:03:44 katana kernel: BIOS-e820: [mem 0x000000008e61e000-0x000000008eb1dfff] ACPI NVS
Mar 21 12:03:44 katana kernel: BIOS-e820: [mem 0x000000008eb1e000-0x000000008f6fdfff] reserved
Mar 21 12:03:44 katana kernel: BIOS-e820: [mem 0x000000008f6fe000-0x000000008f6fefff] usable
Mar 21 12:03:44 katana kernel: BIOS-e820: [mem 0x000000008f6ff000-0x000000008fffffff] reserved
Mar 21 12:03:44 katana kernel: BIOS-e820: [mem 0x00000000e0000000-0x00000000efffffff] reserved
Mar 21 12:03:44 katana kernel: BIOS-e820: [mem 0x00000000fe000000-0x00000000fe010fff] reserved
Mar 21 12:03:44 katana kernel: BIOS-e820: [mem 0x00000000fec00000-0x00000000fec00fff] reserved
Mar 21 12:03:44 katana kernel: BIOS-e820: [mem 0x00000000fee00000-0x00000000fee00fff] reserved
Mar 21 12:03:44 katana kernel: BIOS-e820: [mem 0x00000000ff000000-0x00000000ffffffff] reserved
Mar 21 12:03:44 katana kernel: BIOS-e820: [mem 0x0000000100000000-0x000000046dffffff] usable
Mar 21 12:03:44 katana kernel: NX (Execute Disable) protection: active
Mar 21 12:03:44 katana kernel: APIC: Static calls initialized
Mar 21 12:03:44 katana kernel: e820: update [mem 0x7acae018-0x7accde57] usable ==> usable
Mar 21 12:03:44 katana kernel: e820: update [mem 0x7acae018-0x7accde57] usable ==> usable
Mar 21 12:03:44 katana kernel: e820: update [mem 0x7ac9f018-0x7acad057] usable ==> usable
Mar 21 12:03:44 katana kernel: e820: update [mem 0x7ac9f018-0x7acad057] usable ==> usable
Mar 21 12:03:44 katana kernel: extended physical RAM map:
Mar 21 12:03:44 katana kernel: reserve setup_data: [mem 0x0000000000000000-0x000000000009efff] usable
Mar 21 12:03:44 katana kernel: reserve setup_data: [mem 0x000000000009f000-0x00000000000fffff] reserved
Mar 21 12:03:44 katana kernel: reserve setup_data: [mem 0x0000000000100000-0x000000007ac9f017] usable
Mar 21 12:03:44 katana kernel: reserve setup_data: [mem 0x000000007ac9f018-0x000000007acad057] usable
Mar 21 12:03:44 katana kernel: reserve setup_data: [mem 0x000000007acad058-0x000000007acae017] usable
Mar 21 12:03:44 katana kernel: reserve setup_data: [mem 0x000000007acae018-0x000000007accde57] usable
Mar 21 12:03:44 katana kernel: reserve setup_data: [mem 0x000000007accde58-0x0000000082091fff] usable
Mar 21 12:03:44 katana kernel: reserve setup_data: [mem 0x0000000082092000-0x0000000082092fff] ACPI NVS
Mar 21 12:03:44 katana kernel: reserve setup_data: [mem 0x0000000082093000-0x0000000082093fff] reserved
Mar 21 12:03:44 katana kernel: reserve setup_data: [mem 0x0000000082094000-0x000000008c985fff] usable
Mar 21 12:03:44 katana kernel: reserve setup_data: [mem 0x000000008c986000-0x000000008e58dfff] reserved
Mar 21 12:03:44 katana kernel: reserve setup_data: [mem 0x000000008e58e000-0x000000008e61dfff] ACPI data
Mar 21 12:03:44 katana kernel: reserve setup_data: [mem 0x000000008e61e000-0x000000008eb1dfff] ACPI NVS
Mar 21 12:03:44 katana kernel: reserve setup_data: [mem 0x000000008eb1e000-0x000000008f6fdfff] reserved
Mar 21 12:03:44 katana kernel: reserve setup_data: [mem 0x000000008f6fe000-0x000000008f6fefff] usable
Mar 21 12:03:44 katana kernel: reserve setup_data: [mem 0x000000008f6ff000-0x000000008fffffff] reserved
Mar 21 12:03:44 katana kernel: reserve setup_data: [mem 0x00000000e0000000-0x00000000efffffff] reserved
Mar 21 12:03:44 katana kernel: reserve setup_data: [mem 0x00000000fe000000-0x00000000fe010fff] reserved
Mar 21 12:03:44 katana kernel: reserve setup_data: [mem 0x00000000fec00000-0x00000000fec00fff] reserved
Mar 21 12:03:44 katana kernel: reserve setup_data: [mem 0x00000000fee00000-0x00000000fee00fff] reserved
Mar 21 12:03:44 katana kernel: reserve setup_data: [mem 0x00000000ff000000-0x00000000ffffffff] reserved
Mar 21 12:03:44 katana kernel: reserve setup_data: [mem 0x0000000100000000-0x000000046dffffff] usable
Mar 21 12:03:44 katana kernel: efi: EFI v2.7 by American Megatrends
Mar 21 12:03:44 katana kernel: efi: ACPI 2.0=0x8ea42000 ACPI=0x8ea42000 TPMFinalLog=0x8eaa8000 SMBIOS=0x8f417000 MEMATTR=0x89154018 ESRT=0x8971bf98 MOKvar=0x8f430000 INITRD=0x8217e398 RNG=0x8e61d018 TPMEventLog=0x8e611018 
Mar 21 12:03:44 katana kernel: random: crng init done
Mar 21 12:03:44 katana kernel: efi: Remove mem50: MMIO range=[0xe0000000-0xefffffff] (256MB) from e820 map
Mar 21 12:03:44 katana kernel: e820: remove [mem 0xe0000000-0xefffffff] reserved
Mar 21 12:03:44 katana kernel: efi: Not removing mem51: MMIO range=[0xfe000000-0xfe010fff] (68KB) from e820 map
Mar 21 12:03:44 katana kernel: efi: Not removing mem52: MMIO range=[0xfec00000-0xfec00fff] (4KB) from e820 map
Mar 21 12:03:44 katana kernel: efi: Not removing mem53: MMIO range=[0xfee00000-0xfee00fff] (4KB) from e820 map
Mar 21 12:03:44 katana kernel: efi: Remove mem54: MMIO range=[0xff000000-0xffffffff] (16MB) from e820 map
Mar 21 12:03:44 katana kernel: e820: remove [mem 0xff000000-0xffffffff] reserved
Mar 21 12:03:44 katana kernel: secureboot: Secure boot disabled
Mar 21 12:03:44 katana kernel: SMBIOS 2.8 present.
Mar 21 12:03:44 katana kernel: DMI: Micro-Star International Co., Ltd. Z390 Gaming Trident X Plus (MS-B926)/MPG Z390I GAMING EDGE AC (MS-7C04), BIOS B.30 07/03/201
Mar 21 12:03:44 katana kernel: tsc: Detected 3600.000 MHz processor
Mar 21 12:03:44 katana kernel: e820: update [mem 0x00000000-0x00000fff] usable ==> reserved
Mar 21 12:03:44 katana kernel: e820: remove [mem 0x000a0000-0x000fffff] usable
Mar 21 12:03:44 katana kernel: last_pfn = 0x46e000 max_arch_pfn = 0x400000000
Mar 21 12:03:44 katana kernel: MTRR map: 5 entries (3 fixed + 2 variable; max 23), built from 10 variable MTRRs
Mar 21 12:03:44 katana kernel: x86/PAT: Configuration [0-7]: WB  WC  UC- UC  WB  WP  UC- WT  
Mar 21 12:03:44 katana kernel: last_pfn = 0x8f6ff max_arch_pfn = 0x400000000
Mar 21 12:03:44 katana kernel: esrt: Reserving ESRT space from 0x000000008971bf98 to 0x000000008971bfd0.
Mar 21 12:03:44 katana kernel: e820: update [mem 0x8971b000-0x8971bfff] usable ==> reserved
Mar 21 12:03:44 katana kernel: Using GB pages for direct mapping
Mar 21 12:03:44 katana kernel: secureboot: Secure boot disabled
Mar 21 12:03:44 katana kernel: RAMDISK: [mem 0x7acce000-0x7f9c5fff]
Mar 21 12:03:44 katana kernel: ACPI: Early table checksum verification disabled
Mar 21 12:03:44 katana kernel: ACPI: RSDP 0x000000008EA42000 000024 (v02 MSI_NB)
Mar 21 12:03:44 katana kernel: ACPI: XSDT 0x000000008EA420B0 0000E4 (v01 MSI_NB MEGABOOK 01072009 AMI  00010013)
Mar 21 12:03:44 katana kernel: ACPI: FACP 0x000000008EA828E0 000114 (v06 MSI_NB MEGABOOK 01072009 AMI  00010013)
Mar 21 12:03:44 katana kernel: ACPI: DSDT 0x000000008EA42230 0406AF (v02 MSI_NB MEGABOOK 01072009 INTL 20160527)
Mar 21 12:03:44 katana kernel: ACPI: FACS 0x000000008EB1D080 000040
Mar 21 12:03:44 katana kernel: ACPI: APIC 0x000000008EA829F8 0000BC (v04 MSI_NB MEGABOOK 01072009 AMI  00010013)
Mar 21 12:03:44 katana kernel: ACPI: FPDT 0x000000008EA82AB8 000044 (v01 MSI_NB MEGABOOK 01072009 AMI  00010013)
Mar 21 12:03:44 katana kernel: ACPI: FIDT 0x000000008EA82B00 00009C (v01 MSI_NB MEGABOOK 01072009 AMI  00010013)
Mar 21 12:03:44 katana kernel: ACPI: MCFG 0x000000008EA82BA0 00003C (v01 MSI_NB MEGABOOK 01072009 MSFT 00000097)
Mar 21 12:03:44 katana kernel: ACPI: SSDT 0x000000008EA82BE0 000378 (v01 SataRe SataTabl 00001000 INTL 20160527)
Mar 21 12:03:44 katana kernel: ACPI: SSDT 0x000000008EA82F58 0017C6 (v02 CpuRef CpuSsdt  00003000 INTL 20160527)
Mar 21 12:03:44 katana kernel: ACPI: MSDM 0x000000008EA84720 000055 (v03 MSI_NB MEGABOOK 01072009 AMI  00010013)
Mar 21 12:03:44 katana kernel: ACPI: SLIC 0x000000008EA84778 000176 (v01 MSI_NB MEGABOOK 01072009 AMI  00010013)
Mar 21 12:03:44 katana kernel: ACPI: SSDT 0x000000008EA848F0 0031C6 (v02 SaSsdt SaSsdt   00003000 INTL 20160527)
Mar 21 12:03:44 katana kernel: ACPI: SSDT 0x000000008EA87AB8 00235B (v02 PegSsd PegSsdt  00001000 INTL 20160527)
Mar 21 12:03:44 katana kernel: ACPI: HPET 0x000000008EA89E18 000038 (v01 MSI_NB MEGABOOK 00000002      01000013)
Mar 21 12:03:44 katana kernel: ACPI: SSDT 0x000000008EA89E50 000FAE (v02 MSI_NB Ther_Rvp 00001000 INTL 20160527)
Mar 21 12:03:44 katana kernel: ACPI: SSDT 0x000000008EA8AE00 002996 (v02 INTEL  xh_cfsd4 00000000 INTL 20160527)
Mar 21 12:03:44 katana kernel: ACPI: UEFI 0x000000008EA8D798 000048 (v01 MSI_NB MEGABOOK 00000002      01000013)
Mar 21 12:03:44 katana kernel: ACPI: LPIT 0x000000008EA8D7E0 00005C (v01 MSI_NB MEGABOOK 00000002      01000013)
Mar 21 12:03:44 katana kernel: ACPI: SSDT 0x000000008EA8D840 0027DE (v02 MSI_NB PtidDevc 00001000 INTL 20160527)
Mar 21 12:03:44 katana kernel: ACPI: SSDT 0x000000008EA90020 0014E2 (v02 MSI_NB TbtTypeC 00000000 INTL 20160527)
Mar 21 12:03:44 katana kernel: ACPI: DBGP 0x000000008EA91508 000034 (v01 MSI_NB MEGABOOK 00000002      01000013)
Mar 21 12:03:44 katana kernel: ACPI: DBG2 0x000000008EA91540 000054 (v00 MSI_NB MEGABOOK 00000002      01000013)
Mar 21 12:03:44 katana kernel: ACPI: SSDT 0x000000008EA91598 000144 (v02 Intel  ADebTabl 00001000 INTL 20160527)
Mar 21 12:03:44 katana kernel: ACPI: TPM2 0x000000008EA916E0 000034 (v04 MSI_NB MEGABOOK 00000001 AMI  00000000)
Mar 21 12:03:44 katana kernel: ACPI: BGRT 0x000000008EA91718 000038 (v01 MSI_NB MEGABOOK 01072009 AMI  00010013)
Mar 21 12:03:44 katana kernel: ACPI: WSMT 0x000000008EA91750 000028 (v01 MSI_NB MEGABOOK 01072009 AMI  00010013)
Mar 21 12:03:44 katana kernel: ACPI: Reserving FACP table memory at [mem 0x8ea828e0-0x8ea829f3]
Mar 21 12:03:44 katana kernel: ACPI: Reserving DSDT table memory at [mem 0x8ea42230-0x8ea828de]
Mar 21 12:03:44 katana kernel: ACPI: Reserving FACS table memory at [mem 0x8eb1d080-0x8eb1d0bf]
Mar 21 12:03:44 katana kernel: ACPI: Reserving APIC table memory at [mem 0x8ea829f8-0x8ea82ab3]
Mar 21 12:03:44 katana kernel: ACPI: Reserving FPDT table memory at [mem 0x8ea82ab8-0x8ea82afb]
Mar 21 12:03:44 katana kernel: ACPI: Reserving FIDT table memory at [mem 0x8ea82b00-0x8ea82b9b]
Mar 21 12:03:44 katana kernel: ACPI: Reserving MCFG table memory at [mem 0x8ea82ba0-0x8ea82bdb]
Mar 21 12:03:44 katana kernel: ACPI: Reserving SSDT table memory at [mem 0x8ea82be0-0x8ea82f57]
Mar 21 12:03:44 katana kernel: ACPI: Reserving SSDT table memory at [mem 0x8ea82f58-0x8ea8471d]
Mar 21 12:03:44 katana kernel: ACPI: Reserving MSDM table memory at [mem 0x8ea84720-0x8ea84774]
Mar 21 12:03:44 katana kernel: ACPI: Reserving SLIC table memory at [mem 0x8ea84778-0x8ea848ed]
Mar 21 12:03:44 katana kernel: ACPI: Reserving SSDT table memory at [mem 0x8ea848f0-0x8ea87ab5]
Mar 21 12:03:44 katana kernel: ACPI: Reserving SSDT table memory at [mem 0x8ea87ab8-0x8ea89e12]
Mar 21 12:03:44 katana kernel: ACPI: Reserving HPET table memory at [mem 0x8ea89e18-0x8ea89e4f]
Mar 21 12:03:44 katana kernel: ACPI: Reserving SSDT table memory at [mem 0x8ea89e50-0x8ea8adfd]
Mar 21 12:03:44 katana kernel: ACPI: Reserving SSDT table memory at [mem 0x8ea8ae00-0x8ea8d795]
Mar 21 12:03:44 katana kernel: ACPI: Reserving UEFI table memory at [mem 0x8ea8d798-0x8ea8d7df]
Mar 21 12:03:44 katana kernel: ACPI: Reserving LPIT table memory at [mem 0x8ea8d7e0-0x8ea8d83b]
Mar 21 12:03:44 katana kernel: ACPI: Reserving SSDT table memory at [mem 0x8ea8d840-0x8ea9001d]
Mar 21 12:03:44 katana kernel: ACPI: Reserving SSDT table memory at [mem 0x8ea90020-0x8ea91501]
Mar 21 12:03:44 katana kernel: ACPI: Reserving DBGP table memory at [mem 0x8ea91508-0x8ea9153b]
Mar 21 12:03:44 katana kernel: ACPI: Reserving DBG2 table memory at [mem 0x8ea91540-0x8ea91593]
Mar 21 12:03:44 katana kernel: ACPI: Reserving SSDT table memory at [mem 0x8ea91598-0x8ea916db]
Mar 21 12:03:44 katana kernel: ACPI: Reserving TPM2 table memory at [mem 0x8ea916e0-0x8ea91713]
Mar 21 12:03:44 katana kernel: ACPI: Reserving BGRT table memory at [mem 0x8ea91718-0x8ea9174f]
Mar 21 12:03:44 katana kernel: ACPI: Reserving WSMT table memory at [mem 0x8ea91750-0x8ea91777]
Mar 21 12:03:44 katana kernel: No NUMA configuration found
Mar 21 12:03:44 katana kernel: Faking a node at [mem 0x0000000000000000-0x000000046dffffff]
Mar 21 12:03:44 katana kernel: NODE_DATA(0) allocated [mem 0x46dfd5000-0x46dffffff]
Mar 21 12:03:44 katana kernel: Zone ranges:
Mar 21 12:03:44 katana kernel:   DMA      [mem 0x0000000000001000-0x0000000000ffffff]
Mar 21 12:03:44 katana kernel:   DMA32    [mem 0x0000000001000000-0x00000000ffffffff]
Mar 21 12:03:44 katana kernel:   Normal   [mem 0x0000000100000000-0x000000046dffffff]
Mar 21 12:03:44 katana kernel:   Device   empty
Mar 21 12:03:44 katana kernel: Movable zone start for each node
Mar 21 12:03:44 katana kernel: Early memory node ranges
Mar 21 12:03:44 katana kernel:   node   0: [mem 0x0000000000001000-0x000000000009efff]
Mar 21 12:03:44 katana kernel:   node   0: [mem 0x0000000000100000-0x0000000082091fff]
Mar 21 12:03:44 katana kernel:   node   0: [mem 0x0000000082094000-0x000000008c985fff]
Mar 21 12:03:44 katana kernel:   node   0: [mem 0x000000008f6fe000-0x000000008f6fefff]
Mar 21 12:03:44 katana kernel:   node   0: [mem 0x0000000100000000-0x000000046dffffff]
Mar 21 12:03:44 katana kernel: Initmem setup node 0 [mem 0x0000000000001000-0x000000046dffffff]
Mar 21 12:03:44 katana kernel: On node 0, zone DMA: 1 pages in unavailable ranges
Mar 21 12:03:44 katana kernel: On node 0, zone DMA: 97 pages in unavailable ranges
Mar 21 12:03:44 katana kernel: On node 0, zone DMA32: 2 pages in unavailable ranges
Mar 21 12:03:44 katana kernel: On node 0, zone DMA32: 11640 pages in unavailable ranges
Mar 21 12:03:44 katana kernel: On node 0, zone Normal: 2305 pages in unavailable ranges
Mar 21 12:03:44 katana kernel: On node 0, zone Normal: 8192 pages in unavailable ranges
Mar 21 12:03:44 katana kernel: ACPI: PM-Timer IO Port: 0x1808
Mar 21 12:03:44 katana kernel: ACPI: LAPIC_NMI (acpi_id[0x01] high edge lint[0x1])
Mar 21 12:03:44 katana kernel: ACPI: LAPIC_NMI (acpi_id[0x02] high edge lint[0x1])
Mar 21 12:03:44 katana kernel: ACPI: LAPIC_NMI (acpi_id[0x03] high edge lint[0x1])
Mar 21 12:03:44 katana kernel: ACPI: LAPIC_NMI (acpi_id[0x04] high edge lint[0x1])
Mar 21 12:03:44 katana kernel: ACPI: LAPIC_NMI (acpi_id[0x05] high edge lint[0x1])
Mar 21 12:03:44 katana kernel: ACPI: LAPIC_NMI (acpi_id[0x06] high edge lint[0x1])
Mar 21 12:03:44 katana kernel: ACPI: LAPIC_NMI (acpi_id[0x07] high edge lint[0x1])
Mar 21 12:03:44 katana kernel: ACPI: LAPIC_NMI (acpi_id[0x08] high edge lint[0x1])
Mar 21 12:03:44 katana kernel: IOAPIC[0]: apic_id 2, version 32, address 0xfec00000, GSI 0-119
Mar 21 12:03:44 katana kernel: ACPI: INT_SRC_OVR (bus 0 bus_irq 0 global_irq 2 dfl dfl)
Mar 21 12:03:44 katana kernel: ACPI: INT_SRC_OVR (bus 0 bus_irq 9 global_irq 9 high level)
Mar 21 12:03:44 katana kernel: ACPI: Using ACPI (MADT) for SMP configuration information
Mar 21 12:03:44 katana kernel: ACPI: HPET id: 0x8086a201 base: 0xfed00000
Mar 21 12:03:44 katana kernel: e820: update [mem 0x87275000-0x872f0fff] usable ==> reserved
Mar 21 12:03:44 katana kernel: TSC deadline timer available
Mar 21 12:03:44 katana kernel: smpboot: Allowing 8 CPUs, 0 hotplug CPUs
Mar 21 12:03:44 katana kernel: PM: hibernation: Registered nosave memory: [mem 0x00000000-0x00000fff]
Mar 21 12:03:44 katana kernel: PM: hibernation: Registered nosave memory: [mem 0x0009f000-0x000fffff]
Mar 21 12:03:44 katana kernel: PM: hibernation: Registered nosave memory: [mem 0x82092000-0x82093fff]
Mar 21 12:03:44 katana kernel: PM: hibernation: Registered nosave memory: [mem 0x87275000-0x872f0fff]
Mar 21 12:03:44 katana kernel: PM: hibernation: Registered nosave memory: [mem 0x8971b000-0x8971bfff]
Mar 21 12:03:44 katana kernel: PM: hibernation: Registered nosave memory: [mem 0x8c986000-0x8f6fdfff]
Mar 21 12:03:44 katana kernel: PM: hibernation: Registered nosave memory: [mem 0x8f6ff000-0xffffffff]
Mar 21 12:03:44 katana kernel: [mem 0x90000000-0xfdffffff] available for PCI devices
Mar 21 12:03:44 katana kernel: Booting paravirtualized kernel on bare hardware
Mar 21 12:03:44 katana kernel: clocksource: refined-jiffies: mask: 0xffffffff max_cycles: 0xffffffff, max_idle_ns: 1910969940391419 ns
Mar 21 12:03:44 katana kernel: setup_percpu: NR_CPUS:8192 nr_cpumask_bits:8 nr_cpu_ids:8 nr_node_ids:1
Mar 21 12:03:44 katana kernel: percpu: Embedded 85 pages/cpu s225280 r8192 d114688 u524288
Mar 21 12:03:44 katana kernel: pcpu-alloc: s225280 r8192 d114688 u524288 alloc=1*2097152
Mar 21 12:03:44 katana kernel: pcpu-alloc: [0] 0 1 2 3 [0] 4 5 6 7 
Mar 21 12:03:44 katana kernel: Kernel command line: BOOT_IMAGE=/boot/vmlinuz-6.8.0-106-generic root=UUID=8c0f1071-8f25-479b-bbc2-d9f64cf3290b ro quiet
Mar 21 12:03:44 katana kernel: Dentry cache hash table entries: 2097152 (order: 12, 16777216 bytes, linear)
Mar 21 12:03:44 katana kernel: Inode-cache hash table entries: 1048576 (order: 11, 8388608 bytes, linear)
Mar 21 12:03:44 katana kernel: Fallback order for Node 0: 0 
Mar 21 12:03:44 katana kernel: Built 1 zonelists, mobility grouping on.  Total pages: 4106718
Mar 21 12:03:44 katana kernel: Policy zone: Normal
Mar 21 12:03:44 katana kernel: mem auto-init: stack:all(zero), heap alloc:on, heap free:off
Mar 21 12:03:44 katana kernel: software IO TLB: area num 8.
Mar 21 12:03:44 katana kernel: Memory: 16148568K/16688268K available (22528K kernel code, 4436K rwdata, 14408K rodata, 4920K init, 4792K bss, 539440K reserved, 0K cma-reserved)
Mar 21 12:03:44 katana kernel: SLUB: HWalign=64, Order=0-3, MinObjects=0, CPUs=8, Nodes=1
Mar 21 12:03:44 katana kernel: ftrace: allocating 58280 entries in 228 pages
Mar 21 12:03:44 katana kernel: ftrace: allocated 228 pages with 4 groups
Mar 21 12:03:44 katana kernel: Dynamic Preempt: voluntary
Mar 21 12:03:44 katana kernel: rcu: Preemptible hierarchical RCU implementation.
Mar 21 12:03:44 katana kernel: rcu:         RCU restricting CPUs from NR_CPUS=8192 to nr_cpu_ids=8.
Mar 21 12:03:44 katana kernel:         Trampoline variant of Tasks RCU enabled.
Mar 21 12:03:44 katana kernel:         Rude variant of Tasks RCU enabled.
Mar 21 12:03:44 katana kernel:         Tracing variant of Tasks RCU enabled.
Mar 21 12:03:44 katana kernel: rcu: RCU calculated value of scheduler-enlistment delay is 100 jiffies.
Mar 21 12:03:44 katana kernel: rcu: Adjusting geometry for rcu_fanout_leaf=16, nr_cpu_ids=8
Mar 21 12:03:44 katana kernel: RCU Tasks: Setting shift to 3 and lim to 1 rcu_task_cb_adjust=1 rcu_task_cpu_ids=8.
Mar 21 12:03:44 katana kernel: RCU Tasks Rude: Setting shift to 3 and lim to 1 rcu_task_cb_adjust=1 rcu_task_cpu_ids=8.
Mar 21 12:03:44 katana kernel: RCU Tasks Trace: Setting shift to 3 and lim to 1 rcu_task_cb_adjust=1 rcu_task_cpu_ids=8.
Mar 21 12:03:44 katana kernel: NR_IRQS: 524544, nr_irqs: 2048, preallocated irqs: 16
Mar 21 12:03:44 katana kernel: rcu: srcu_init: Setting srcu_struct sizes based on contention.
Mar 21 12:03:44 katana kernel: Console: colour dummy device 80x25
Mar 21 12:03:44 katana kernel: printk: legacy console [tty0] enabled
Mar 21 12:03:44 katana kernel: ACPI: Core revision 20230628
Mar 21 12:03:44 katana kernel: clocksource: hpet: mask: 0xffffffff max_cycles: 0xffffffff, max_idle_ns: 79635855245 ns
Mar 21 12:03:44 katana kernel: APIC: Switch to symmetric I/O mode setup
Mar 21 12:03:44 katana kernel: x2apic: IRQ remapping doesn't support X2APIC mode
Mar 21 12:03:44 katana kernel: ..TIMER: vector=0x30 apic1=0 pin1=2 apic2=-1 pin2=-1
Mar 21 12:03:44 katana kernel: clocksource: tsc-early: mask: 0xffffffffffffffff max_cycles: 0x33e452fbb2f, max_idle_ns: 440795236593 ns
Mar 21 12:03:44 katana kernel: Calibrating delay loop (skipped), value calculated using timer frequency.. 7200.00 BogoMIPS (lpj=3600000)
Mar 21 12:03:44 katana kernel: x86/cpu: SGX disabled by BIOS.
Mar 21 12:03:44 katana kernel: CPU0: Thermal monitoring enabled (TM1)
Mar 21 12:03:44 katana kernel: process: using mwait in idle threads
Mar 21 12:03:44 katana kernel: Last level iTLB entries: 4KB 128, 2MB 8, 4MB 8
Mar 21 12:03:44 katana kernel: Last level dTLB entries: 4KB 64, 2MB 32, 4MB 32, 1GB 4
Mar 21 12:03:44 katana kernel: Spectre V1 : Mitigation: usercopy/swapgs barriers and __user pointer sanitization
Mar 21 12:03:44 katana kernel: Spectre V2 : Spectre BHI mitigation: SW BHB clearing on vm exit
Mar 21 12:03:44 katana kernel: Spectre V2 : Spectre BHI mitigation: SW BHB clearing on syscall
Mar 21 12:03:44 katana kernel: Spectre V2 : Mitigation: Enhanced / Automatic IBRS
Mar 21 12:03:44 katana kernel: Spectre V2 : Spectre v2 / PBRSB-eIBRS: Retire a single CALL on VMEXIT
Mar 21 12:03:44 katana kernel: RETBleed: Mitigation: Enhanced IBRS
Mar 21 12:03:44 katana kernel: Spectre V2 : mitigation: Enabling conditional Indirect Branch Prediction Barrier
Mar 21 12:03:44 katana kernel: Speculative Store Bypass: Mitigation: Speculative Store Bypass disabled via prctl
Mar 21 12:03:44 katana kernel: TAA: Mitigation: TSX disabled
Mar 21 12:03:44 katana kernel: MMIO Stale Data: Mitigation: Clear CPU buffers
Mar 21 12:03:44 katana kernel: SRBDS: Mitigation: Microcode
Mar 21 12:03:44 katana kernel: GDS: Mitigation: Microcode
Mar 21 12:03:44 katana kernel: ITS: WARNING: ITS mitigation depends on retpoline and rethunk support
Mar 21 12:03:44 katana kernel: ITS: Vulnerable
Mar 21 12:03:44 katana kernel: VMSCAPE: Mitigation: IBPB before exit to userspace
Mar 21 12:03:44 katana kernel: x86/fpu: Supporting XSAVE feature 0x001: 'x87 floating point registers'
Mar 21 12:03:44 katana kernel: x86/fpu: Supporting XSAVE feature 0x002: 'SSE registers'
Mar 21 12:03:44 katana kernel: x86/fpu: Supporting XSAVE feature 0x004: 'AVX registers'
Mar 21 12:03:44 katana kernel: x86/fpu: Supporting XSAVE feature 0x008: 'MPX bounds registers'
Mar 21 12:03:44 katana kernel: x86/fpu: Supporting XSAVE feature 0x010: 'MPX CSR'
Mar 21 12:03:44 katana kernel: x86/fpu: xstate_offset[2]:  576, xstate_sizes[2]:  256
Mar 21 12:03:44 katana kernel: x86/fpu: xstate_offset[3]:  832, xstate_sizes[3]:   64
Mar 21 12:03:44 katana kernel: x86/fpu: xstate_offset[4]:  896, xstate_sizes[4]:   64
Mar 21 12:03:44 katana kernel: x86/fpu: Enabled xstate features 0x1f, context size is 960 bytes, using 'compacted' format.
Mar 21 12:03:44 katana kernel: Freeing SMP alternatives memory: 48K
Mar 21 12:03:44 katana kernel: pid_max: default: 32768 minimum: 301
Mar 21 12:03:44 katana kernel: LSM: initializing lsm=lockdown,capability,landlock,yama,apparmor,integrity
Mar 21 12:03:44 katana kernel: landlock: Up and running.
Mar 21 12:03:44 katana kernel: Yama: becoming mindful.
Mar 21 12:03:44 katana kernel: AppArmor: AppArmor initialized
Mar 21 12:03:44 katana kernel: Mount-cache hash table entries: 32768 (order: 6, 262144 bytes, linear)
Mar 21 12:03:44 katana kernel: Mountpoint-cache hash table entries: 32768 (order: 6, 262144 bytes, linear)
Mar 21 12:03:44 katana kernel: smpboot: CPU0: Intel(R) Core(TM) i7-9700K CPU @ 3.60GHz (family: 0x6, model: 0x9e, stepping: 0xd)
Mar 21 12:03:44 katana kernel: Performance Events: PEBS fmt3+, Skylake events, 32-deep LBR, full-width counters, Intel PMU driver.
Mar 21 12:03:44 katana kernel: ... version:                4
Mar 21 12:03:44 katana kernel: ... bit width:              48
Mar 21 12:03:44 katana kernel: ... generic registers:      8
Mar 21 12:03:44 katana kernel: ... value mask:             0000ffffffffffff
Mar 21 12:03:44 katana kernel: ... max period:             00007fffffffffff
Mar 21 12:03:44 katana kernel: ... fixed-purpose events:   3
Mar 21 12:03:44 katana kernel: ... event mask:             00000007000000ff
Mar 21 12:03:44 katana kernel: signal: max sigframe size: 2032
Mar 21 12:03:44 katana kernel: Estimated ratio of average max frequency by base frequency (times 1024): 1336
Mar 21 12:03:44 katana kernel: rcu: Hierarchical SRCU implementation.
Mar 21 12:03:44 katana kernel: rcu:         Max phase no-delay instances is 400.
Mar 21 12:03:44 katana kernel: NMI watchdog: Enabled. Permanently consumes one hw-PMU counter.
Mar 21 12:03:44 katana kernel: smp: Bringing up secondary CPUs ...
Mar 21 12:03:44 katana kernel: smpboot: x86: Booting SMP configuration:
Mar 21 12:03:44 katana kernel: .... node  #0, CPUs:      #1 #2 #3 #4 #5 #6 #7
Mar 21 12:03:44 katana kernel: smp: Brought up 1 node, 8 CPUs
Mar 21 12:03:44 katana kernel: smpboot: Max logical packages: 1
Mar 21 12:03:44 katana kernel: smpboot: Total of 8 processors activated (57600.00 BogoMIPS)
Mar 21 12:03:44 katana kernel: devtmpfs: initialized
Mar 21 12:03:44 katana kernel: x86/mm: Memory block size: 128MB
Mar 21 12:03:44 katana kernel: ACPI: PM: Registering ACPI NVS region [mem 0x82092000-0x82092fff] (4096 bytes)
Mar 21 12:03:44 katana kernel: ACPI: PM: Registering ACPI NVS region [mem 0x8e61e000-0x8eb1dfff] (5242880 bytes)
Mar 21 12:03:44 katana kernel: clocksource: jiffies: mask: 0xffffffff max_cycles: 0xffffffff, max_idle_ns: 1911260446275000 ns
Mar 21 12:03:44 katana kernel: futex hash table entries: 2048 (order: 5, 131072 bytes, linear)
Mar 21 12:03:44 katana kernel: pinctrl core: initialized pinctrl subsystem
Mar 21 12:03:44 katana kernel: PM: RTC time: 19:03:37, date: 2026-03-21
Mar 21 12:03:44 katana kernel: NET: Registered PF_NETLINK/PF_ROUTE protocol family
Mar 21 12:03:44 katana kernel: DMA: preallocated 2048 KiB GFP_KERNEL pool for atomic allocations
Mar 21 12:03:44 katana kernel: DMA: preallocated 2048 KiB GFP_KERNEL|GFP_DMA pool for atomic allocations
Mar 21 12:03:44 katana kernel: DMA: preallocated 2048 KiB GFP_KERNEL|GFP_DMA32 pool for atomic allocations
Mar 21 12:03:44 katana kernel: audit: initializing netlink subsys (disabled)
Mar 21 12:03:44 katana kernel: audit: type=2000 audit(1774119817.045:1): state=initialized audit_enabled=0 res=1
Mar 21 12:03:44 katana kernel: thermal_sys: Registered thermal governor 'fair_share'
Mar 21 12:03:44 katana kernel: thermal_sys: Registered thermal governor 'bang_bang'
Mar 21 12:03:44 katana kernel: thermal_sys: Registered thermal governor 'step_wise'
Mar 21 12:03:44 katana kernel: thermal_sys: Registered thermal governor 'user_space'
Mar 21 12:03:44 katana kernel: thermal_sys: Registered thermal governor 'power_allocator'
Mar 21 12:03:44 katana kernel: cpuidle: using governor ladder
Mar 21 12:03:44 katana kernel: cpuidle: using governor menu
Mar 21 12:03:44 katana kernel: ACPI FADT declares the system doesn't support PCIe ASPM, so disable it
Mar 21 12:03:44 katana kernel: acpiphp: ACPI Hot Plug PCI Controller Driver version: 0.5
Mar 21 12:03:44 katana kernel: PCI: ECAM [mem 0xe0000000-0xefffffff] (base 0xe0000000) for domain 0000 [bus 00-ff]
Mar 21 12:03:44 katana kernel: PCI: Using configuration type 1 for base access
Mar 21 12:03:44 katana kernel: mtrr: your CPUs had inconsistent variable MTRR settings
Mar 21 12:03:44 katana kernel: mtrr: probably your BIOS does not setup all CPUs.
Mar 21 12:03:44 katana kernel: mtrr: corrected configuration.
Mar 21 12:03:44 katana kernel: kprobes: kprobe jump-optimization is enabled. All kprobes are optimized if possible.
Mar 21 12:03:44 katana kernel: HugeTLB: registered 1.00 GiB page size, pre-allocated 0 pages
Mar 21 12:03:44 katana kernel: HugeTLB: 16380 KiB vmemmap can be freed for a 1.00 GiB page
Mar 21 12:03:44 katana kernel: HugeTLB: registered 2.00 MiB page size, pre-allocated 0 pages
Mar 21 12:03:44 katana kernel: HugeTLB: 28 KiB vmemmap can be freed for a 2.00 MiB page
Mar 21 12:03:44 katana kernel: ACPI: Added _OSI(Module Device)
Mar 21 12:03:44 katana kernel: ACPI: Added _OSI(Processor Device)
Mar 21 12:03:44 katana kernel: ACPI: Added _OSI(Processor Aggregator Device)
Mar 21 12:03:44 katana kernel: ACPI: 10 ACPI AML tables successfully acquired and loaded
Mar 21 12:03:44 katana kernel: ACPI: Dynamic OEM Table Load:
Mar 21 12:03:44 katana kernel: ACPI: SSDT 0xFFFF8BAEC19E9800 000400 (v02 PmRef  Cpu0Cst  00003001 INTL 20160527)
Mar 21 12:03:44 katana kernel: ACPI: Dynamic OEM Table Load:
Mar 21 12:03:44 katana kernel: ACPI: SSDT 0xFFFF8BAEC19F0800 000777 (v02 PmRef  Cpu0Ist  00003000 INTL 20160527)
Mar 21 12:03:44 katana kernel: ACPI: Dynamic OEM Table Load:
Mar 21 12:03:44 katana kernel: ACPI: SSDT 0xFFFF8BAEC19FB000 000EF1 (v02 PmRef  ApIst    00003000 INTL 20160527)
Mar 21 12:03:44 katana kernel: ACPI: Dynamic OEM Table Load:
Mar 21 12:03:44 katana kernel: ACPI: SSDT 0xFFFF8BAEC19ED800 000317 (v02 PmRef  ApHwp    00003000 INTL 20160527)
Mar 21 12:03:44 katana kernel: ACPI: Dynamic OEM Table Load:
Mar 21 12:03:44 katana kernel: ACPI: SSDT 0xFFFF8BAEC19EF000 00030A (v02 PmRef  ApCst    00003000 INTL 20160527)
Mar 21 12:03:44 katana kernel: ACPI: _OSC evaluated successfully for all CPUs
Mar 21 12:03:44 katana kernel: ACPI: Interpreter enabled
Mar 21 12:03:44 katana kernel: ACPI: PM: (supports S0 S3 S4 S5)
Mar 21 12:03:44 katana kernel: ACPI: Using IOAPIC for interrupt routing
Mar 21 12:03:44 katana kernel: PCI: Using host bridge windows from ACPI; if necessary, use "pci=nocrs" and report a bug
Mar 21 12:03:44 katana kernel: PCI: Using E820 reservations for host bridge windows
Mar 21 12:03:44 katana kernel: ACPI: Enabled 7 GPEs in block 00 to 7F
Mar 21 12:03:44 katana kernel: ACPI: \_SB_.PCI0.XDCI.USBC: New power resource
Mar 21 12:03:44 katana kernel: ACPI: \_SB_.PCI0.SAT0.VOL0.V0PR: New power resource
Mar 21 12:03:44 katana kernel: ACPI: \_SB_.PCI0.SAT0.VOL1.V1PR: New power resource
Mar 21 12:03:44 katana kernel: ACPI: \_SB_.PCI0.SAT0.VOL2.V2PR: New power resource
Mar 21 12:03:44 katana kernel: ACPI: \_SB_.PCI0.CNVW.WRST: New power resource
Mar 21 12:03:44 katana kernel: ACPI: \_TZ_.FN00: New power resource
Mar 21 12:03:44 katana kernel: ACPI: \_TZ_.FN01: New power resource
Mar 21 12:03:44 katana kernel: ACPI: \_TZ_.FN02: New power resource
Mar 21 12:03:44 katana kernel: ACPI: \_TZ_.FN03: New power resource
Mar 21 12:03:44 katana kernel: ACPI: \_TZ_.FN04: New power resource
Mar 21 12:03:44 katana kernel: ACPI: \PIN_: New power resource
Mar 21 12:03:44 katana kernel: ACPI: PCI Root Bridge [PCI0] (domain 0000 [bus 00-fe])
Mar 21 12:03:44 katana kernel: acpi PNP0A08:00: _OSC: OS supports [ExtendedConfig ASPM ClockPM Segments MSI EDR HPX-Type3]
Mar 21 12:03:44 katana kernel: acpi PNP0A08:00: _OSC: platform does not support [PCIeHotplug SHPCHotplug PME AER]
Mar 21 12:03:44 katana kernel: acpi PNP0A08:00: _OSC: OS now controls [PCIeCapability LTR DPC]
Mar 21 12:03:44 katana kernel: acpi PNP0A08:00: FADT indicates ASPM is unsupported, using BIOS configuration
Mar 21 12:03:44 katana kernel: PCI host bridge to bus 0000:00
Mar 21 12:03:44 katana kernel: pci_bus 0000:00: root bus resource [io  0x0000-0x0cf7 window]
Mar 21 12:03:44 katana kernel: pci_bus 0000:00: root bus resource [io  0x0d00-0xffff window]
Mar 21 12:03:44 katana kernel: pci_bus 0000:00: root bus resource [mem 0x000a0000-0x000fffff window]
Mar 21 12:03:44 katana kernel: pci_bus 0000:00: root bus resource [mem 0x90000000-0xdfffffff window]
Mar 21 12:03:44 katana kernel: pci_bus 0000:00: root bus resource [mem 0x4000000000-0x7fffffffff window]
Mar 21 12:03:44 katana kernel: pci_bus 0000:00: root bus resource [mem 0xfc800000-0xfe7fffff window]
Mar 21 12:03:44 katana kernel: pci_bus 0000:00: root bus resource [bus 00-fe]
Mar 21 12:03:44 katana kernel: pci 0000:00:00.0: [8086:3e30] type 00 class 0x060000 conventional PCI endpoint
Mar 21 12:03:44 katana kernel: pci 0000:00:01.0: [8086:1901] type 01 class 0x060400 PCIe Root Port
Mar 21 12:03:44 katana kernel: pci 0000:00:01.0: PCI bridge to [bus 01]
Mar 21 12:03:44 katana kernel: pci 0000:00:01.0:   bridge window [io  0x4000-0x4fff]
Mar 21 12:03:44 katana kernel: pci 0000:00:01.0:   bridge window [mem 0x90000000-0x910fffff]
Mar 21 12:03:44 katana kernel: pci 0000:00:01.0:   bridge window [mem 0x4000000000-0x40120fffff 64bit pref]
Mar 21 12:03:44 katana kernel: pci 0000:00:01.0: PME# supported from D0 D3hot D3cold
Mar 21 12:03:44 katana kernel: pci 0000:00:08.0: [8086:1911] type 00 class 0x088000 conventional PCI endpoint
Mar 21 12:03:44 katana kernel: pci 0000:00:08.0: BAR 0 [mem 0x401221a000-0x401221afff 64bit]
Mar 21 12:03:44 katana kernel: pci 0000:00:12.0: [8086:a379] type 00 class 0x118000 conventional PCI endpoint
Mar 21 12:03:44 katana kernel: pci 0000:00:12.0: BAR 0 [mem 0x4012219000-0x4012219fff 64bit]
Mar 21 12:03:44 katana kernel: pci 0000:00:14.0: [8086:a36d] type 00 class 0x0c0330 conventional PCI endpoint
Mar 21 12:03:44 katana kernel: pci 0000:00:14.0: BAR 0 [mem 0x4012200000-0x401220ffff 64bit]
Mar 21 12:03:44 katana kernel: pci 0000:00:14.0: PME# supported from D3hot D3cold
Mar 21 12:03:44 katana kernel: pci 0000:00:14.2: [8086:a36f] type 00 class 0x050000 conventional PCI endpoint
Mar 21 12:03:44 katana kernel: pci 0000:00:14.2: BAR 0 [mem 0x4012214000-0x4012215fff 64bit]
Mar 21 12:03:44 katana kernel: pci 0000:00:14.2: BAR 2 [mem 0x4012218000-0x4012218fff 64bit]
Mar 21 12:03:44 katana kernel: pci 0000:00:16.0: [8086:a360] type 00 class 0x078000 conventional PCI endpoint
Mar 21 12:03:44 katana kernel: pci 0000:00:16.0: BAR 0 [mem 0x4012217000-0x4012217fff 64bit]
Mar 21 12:03:44 katana kernel: pci 0000:00:16.0: PME# supported from D3hot
Mar 21 12:03:44 katana kernel: pci 0000:00:17.0: [8086:a352] type 00 class 0x010601 conventional PCI endpoint
Mar 21 12:03:44 katana kernel: pci 0000:00:17.0: BAR 0 [mem 0x91500000-0x91501fff]
Mar 21 12:03:44 katana kernel: pci 0000:00:17.0: BAR 1 [mem 0x91503000-0x915030ff]
Mar 21 12:03:44 katana kernel: pci 0000:00:17.0: BAR 2 [io  0x5050-0x5057]
Mar 21 12:03:44 katana kernel: pci 0000:00:17.0: BAR 3 [io  0x5040-0x5043]
Mar 21 12:03:44 katana kernel: pci 0000:00:17.0: BAR 4 [io  0x5020-0x503f]
Mar 21 12:03:44 katana kernel: pci 0000:00:17.0: BAR 5 [mem 0x91502000-0x915027ff]
Mar 21 12:03:44 katana kernel: pci 0000:00:17.0: PME# supported from D3hot
Mar 21 12:03:44 katana kernel: pci 0000:00:1b.0: [8086:a340] type 01 class 0x060400 PCIe Root Port
Mar 21 12:03:44 katana kernel: pci 0000:00:1b.0: PCI bridge to [bus 02]
Mar 21 12:03:44 katana kernel: pci 0000:00:1b.0: PME# supported from D0 D3hot D3cold
Mar 21 12:03:44 katana kernel: pci 0000:00:1b.4: [8086:a32c] type 01 class 0x060400 PCIe Root Port
Mar 21 12:03:44 katana kernel: pci 0000:00:1b.4: PCI bridge to [bus 03]
Mar 21 12:03:44 katana kernel: pci 0000:00:1b.4:   bridge window [mem 0x91400000-0x914fffff]
Mar 21 12:03:44 katana kernel: pci 0000:00:1b.4: PME# supported from D0 D3hot D3cold
Mar 21 12:03:44 katana kernel: pci 0000:00:1b.4: PTM enabled (root), 4ns granularity
Mar 21 12:03:44 katana kernel: pci 0000:00:1c.0: [8086:a338] type 01 class 0x060400 PCIe Root Port
Mar 21 12:03:44 katana kernel: pci 0000:00:1c.0: PCI bridge to [bus 04]
Mar 21 12:03:44 katana kernel: pci 0000:00:1c.0: PME# supported from D0 D3hot D3cold
Mar 21 12:03:44 katana kernel: pci 0000:00:1c.4: [8086:a33c] type 01 class 0x060400 PCIe Root Port
Mar 21 12:03:44 katana kernel: pci 0000:00:1c.4: PCI bridge to [bus 05]
Mar 21 12:03:44 katana kernel: pci 0000:00:1c.4:   bridge window [io  0x3000-0x3fff]
Mar 21 12:03:44 katana kernel: pci 0000:00:1c.4:   bridge window [mem 0x91300000-0x913fffff]
Mar 21 12:03:44 katana kernel: pci 0000:00:1c.4: PME# supported from D0 D3hot D3cold
Mar 21 12:03:44 katana kernel: pci 0000:00:1c.4: PTM enabled (root), 4ns granularity
Mar 21 12:03:44 katana kernel: pci 0000:00:1c.5: [8086:a33d] type 01 class 0x060400 PCIe Root Port
Mar 21 12:03:44 katana kernel: pci 0000:00:1c.5: PCI bridge to [bus 06]
Mar 21 12:03:44 katana kernel: pci 0000:00:1c.5:   bridge window [mem 0x91200000-0x912fffff]
Mar 21 12:03:44 katana kernel: pci 0000:00:1c.5: PME# supported from D0 D3hot D3cold
Mar 21 12:03:44 katana kernel: pci 0000:00:1c.5: PTM enabled (root), 4ns granularity
Mar 21 12:03:44 katana kernel: pci 0000:00:1d.0: [8086:a330] type 01 class 0x060400 PCIe Root Port
Mar 21 12:03:44 katana kernel: pci 0000:00:1d.0: PCI bridge to [bus 07]
Mar 21 12:03:44 katana kernel: pci 0000:00:1d.0:   bridge window [mem 0x91100000-0x911fffff]
Mar 21 12:03:44 katana kernel: pci 0000:00:1d.0: PME# supported from D0 D3hot D3cold
Mar 21 12:03:44 katana kernel: pci 0000:00:1d.0: PTM enabled (root), 4ns granularity
Mar 21 12:03:44 katana kernel: pci 0000:00:1f.0: [8086:a305] type 00 class 0x060100 conventional PCI endpoint
Mar 21 12:03:44 katana kernel: pci 0000:00:1f.3: [8086:a348] type 00 class 0x040300 conventional PCI endpoint
Mar 21 12:03:44 katana kernel: pci 0000:00:1f.3: BAR 0 [mem 0x4012210000-0x4012213fff 64bit]
Mar 21 12:03:44 katana kernel: pci 0000:00:1f.3: BAR 4 [mem 0x4012100000-0x40121fffff 64bit]
Mar 21 12:03:44 katana kernel: pci 0000:00:1f.3: PME# supported from D3hot D3cold
Mar 21 12:03:44 katana kernel: pci 0000:00:1f.4: [8086:a323] type 00 class 0x0c0500 conventional PCI endpoint
Mar 21 12:03:44 katana kernel: pci 0000:00:1f.4: BAR 0 [mem 0x4012216000-0x40122160ff 64bit]
Mar 21 12:03:44 katana kernel: pci 0000:00:1f.4: BAR 4 [io  0xefa0-0xefbf]
Mar 21 12:03:44 katana kernel: pci 0000:00:1f.5: [8086:a324] type 00 class 0x0c8000 conventional PCI endpoint
Mar 21 12:03:44 katana kernel: pci 0000:00:1f.5: BAR 0 [mem 0xfe010000-0xfe010fff]
Mar 21 12:03:44 katana kernel: pci 0000:01:00.0: [10de:1e04] type 00 class 0x030000 PCIe Legacy Endpoint
Mar 21 12:03:44 katana kernel: pci 0000:01:00.0: BAR 0 [mem 0x90000000-0x90ffffff]
Mar 21 12:03:44 katana kernel: pci 0000:01:00.0: BAR 1 [mem 0x4000000000-0x400fffffff 64bit pref]
Mar 21 12:03:44 katana kernel: pci 0000:01:00.0: BAR 3 [mem 0x4010000000-0x4011ffffff 64bit pref]
Mar 21 12:03:44 katana kernel: pci 0000:01:00.0: BAR 5 [io  0x4000-0x407f]
Mar 21 12:03:44 katana kernel: pci 0000:01:00.0: ROM [mem 0x91000000-0x9107ffff pref]
Mar 21 12:03:44 katana kernel: pci 0000:01:00.0: Video device with shadowed ROM at [mem 0x000c0000-0x000dffff]
Mar 21 12:03:44 katana kernel: pci 0000:01:00.0: PME# supported from D0 D3hot
Mar 21 12:03:44 katana kernel: pci 0000:01:00.0: 32.000 Gb/s available PCIe bandwidth, limited by 2.5 GT/s PCIe x16 link at 0000:00:01.0 (capable of 126.016 Gb/s with 8.0 GT/s PCIe x16 link)
Mar 21 12:03:44 katana kernel: pci 0000:01:00.1: [10de:10f7] type 00 class 0x040300 PCIe Endpoint
Mar 21 12:03:44 katana kernel: pci 0000:01:00.1: BAR 0 [mem 0x91080000-0x91083fff]
Mar 21 12:03:44 katana kernel: pci 0000:01:00.2: [10de:1ad6] type 00 class 0x0c0330 PCIe Endpoint
Mar 21 12:03:44 katana kernel: pci 0000:01:00.2: BAR 0 [mem 0x4012000000-0x401203ffff 64bit pref]
Mar 21 12:03:44 katana kernel: pci 0000:01:00.2: BAR 3 [mem 0x4012040000-0x401204ffff 64bit pref]
Mar 21 12:03:44 katana kernel: pci 0000:01:00.2: PME# supported from D0 D3hot
Mar 21 12:03:44 katana kernel: pci 0000:01:00.3: [10de:1ad7] type 00 class 0x0c8000 PCIe Endpoint
Mar 21 12:03:44 katana kernel: pci 0000:01:00.3: BAR 0 [mem 0x91084000-0x91084fff]
Mar 21 12:03:44 katana kernel: pci 0000:01:00.3: PME# supported from D0 D3hot
Mar 21 12:03:44 katana kernel: pci 0000:00:01.0: PCI bridge to [bus 01]
Mar 21 12:03:44 katana kernel: acpiphp: Slot [1] registered
Mar 21 12:03:44 katana kernel: pci 0000:00:1b.0: PCI bridge to [bus 02]
Mar 21 12:03:44 katana kernel: pci 0000:03:00.0: [1179:0116] type 00 class 0x010802 PCIe Endpoint
Mar 21 12:03:44 katana kernel: pci 0000:03:00.0: BAR 0 [mem 0x91400000-0x91403fff 64bit]
Mar 21 12:03:44 katana kernel: pci 0000:00:1b.4: PCI bridge to [bus 03]
Mar 21 12:03:44 katana kernel: acpiphp: Slot [1-1] registered
Mar 21 12:03:44 katana kernel: pci 0000:00:1c.0: PCI bridge to [bus 04]
Mar 21 12:03:44 katana kernel: pci 0000:05:00.0: [10ec:8168] type 00 class 0x020000 PCIe Endpoint
Mar 21 12:03:44 katana kernel: pci 0000:05:00.0: BAR 0 [io  0x3000-0x30ff]
Mar 21 12:03:44 katana kernel: pci 0000:05:00.0: BAR 2 [mem 0x91304000-0x91304fff 64bit]
Mar 21 12:03:44 katana kernel: pci 0000:05:00.0: BAR 4 [mem 0x91300000-0x91303fff 64bit]
Mar 21 12:03:44 katana kernel: pci 0000:05:00.0: supports D1 D2
Mar 21 12:03:44 katana kernel: pci 0000:05:00.0: PME# supported from D0 D1 D2 D3hot D3cold
Mar 21 12:03:44 katana kernel: pci 0000:00:1c.4: PCI bridge to [bus 05]
Mar 21 12:03:44 katana kernel: pci 0000:06:00.0: [8086:2723] type 00 class 0x028000 PCIe Endpoint
Mar 21 12:03:44 katana kernel: pci 0000:06:00.0: BAR 0 [mem 0x91200000-0x91203fff 64bit]
Mar 21 12:03:44 katana kernel: pci 0000:06:00.0: PME# supported from D0 D3hot D3cold
Mar 21 12:03:44 katana kernel: pci 0000:00:1c.5: PCI bridge to [bus 06]
Mar 21 12:03:44 katana kernel: pci 0000:07:00.0: [144d:a808] type 00 class 0x010802 PCIe Endpoint
Mar 21 12:03:44 katana kernel: pci 0000:07:00.0: BAR 0 [mem 0x91100000-0x91103fff 64bit]
Mar 21 12:03:44 katana kernel: pci 0000:00:1d.0: PCI bridge to [bus 07]
Mar 21 12:03:44 katana kernel: ACPI: PCI: Interrupt link LNKA configured for IRQ 0
Mar 21 12:03:44 katana kernel: ACPI: PCI: Interrupt link LNKB configured for IRQ 1
Mar 21 12:03:44 katana kernel: ACPI: PCI: Interrupt link LNKC configured for IRQ 0
Mar 21 12:03:44 katana kernel: ACPI: PCI: Interrupt link LNKD configured for IRQ 0
Mar 21 12:03:44 katana kernel: ACPI: PCI: Interrupt link LNKE configured for IRQ 0
Mar 21 12:03:44 katana kernel: ACPI: PCI: Interrupt link LNKF configured for IRQ 0
Mar 21 12:03:44 katana kernel: ACPI: PCI: Interrupt link LNKG configured for IRQ 0
Mar 21 12:03:44 katana kernel: ACPI: PCI: Interrupt link LNKH configured for IRQ 0
Mar 21 12:03:44 katana kernel: iommu: Default domain type: Translated
Mar 21 12:03:44 katana kernel: iommu: DMA domain TLB invalidation policy: lazy mode
Mar 21 12:03:44 katana kernel: SCSI subsystem initialized
Mar 21 12:03:44 katana kernel: libata version 3.00 loaded.
Mar 21 12:03:44 katana kernel: ACPI: bus type USB registered
Mar 21 12:03:44 katana kernel: usbcore: registered new interface driver usbfs
Mar 21 12:03:44 katana kernel: usbcore: registered new interface driver hub
Mar 21 12:03:44 katana kernel: usbcore: registered new device driver usb
Mar 21 12:03:44 katana kernel: pps_core: LinuxPPS API ver. 1 registered
Mar 21 12:03:44 katana kernel: pps_core: Software ver. 5.3.6 - Copyright 2005-2007 Rodolfo Giometti <giometti@linux.it>
Mar 21 12:03:44 katana kernel: PTP clock support registered
Mar 21 12:03:44 katana kernel: EDAC MC: Ver: 3.0.0
Mar 21 12:03:44 katana kernel: efivars: Registered efivars operations
Mar 21 12:03:44 katana kernel: NetLabel: Initializing
Mar 21 12:03:44 katana kernel: NetLabel:  domain hash size = 128
Mar 21 12:03:44 katana kernel: NetLabel:  protocols = UNLABELED CIPSOv4 CALIPSO
Mar 21 12:03:44 katana kernel: NetLabel:  unlabeled traffic allowed by default
Mar 21 12:03:44 katana kernel: mctp: management component transport protocol core
Mar 21 12:03:44 katana kernel: NET: Registered PF_MCTP protocol family
Mar 21 12:03:44 katana kernel: PCI: Using ACPI for IRQ routing
Mar 21 12:03:44 katana kernel: PCI: pci_cache_line_size set to 64 bytes
Mar 21 12:03:44 katana kernel: e820: reserve RAM buffer [mem 0x0009f000-0x0009ffff]
Mar 21 12:03:44 katana kernel: e820: reserve RAM buffer [mem 0x7ac9f018-0x7bffffff]
Mar 21 12:03:44 katana kernel: e820: reserve RAM buffer [mem 0x7acae018-0x7bffffff]
Mar 21 12:03:44 katana kernel: e820: reserve RAM buffer [mem 0x82092000-0x83ffffff]
Mar 21 12:03:44 katana kernel: e820: reserve RAM buffer [mem 0x87275000-0x87ffffff]
Mar 21 12:03:44 katana kernel: e820: reserve RAM buffer [mem 0x8971b000-0x8bffffff]
Mar 21 12:03:44 katana kernel: e820: reserve RAM buffer [mem 0x8c986000-0x8fffffff]
Mar 21 12:03:44 katana kernel: e820: reserve RAM buffer [mem 0x8f6ff000-0x8fffffff]
Mar 21 12:03:44 katana kernel: e820: reserve RAM buffer [mem 0x46e000000-0x46fffffff]
Mar 21 12:03:44 katana kernel: pci 0000:01:00.0: vgaarb: setting as boot VGA device
Mar 21 12:03:44 katana kernel: pci 0000:01:00.0: vgaarb: bridge control possible
Mar 21 12:03:44 katana kernel: pci 0000:01:00.0: vgaarb: VGA device added: decodes=io+mem,owns=io+mem,locks=none
Mar 21 12:03:44 katana kernel: vgaarb: loaded
Mar 21 12:03:44 katana kernel: hpet0: at MMIO 0xfed00000, IRQs 2, 8, 0, 0, 0, 0, 0, 0
Mar 21 12:03:44 katana kernel: hpet0: 8 comparators, 64-bit 24.000000 MHz counter
Mar 21 12:03:44 katana kernel: clocksource: Switched to clocksource tsc-early
Mar 21 12:03:44 katana kernel: VFS: Disk quotas dquot_6.6.0
Mar 21 12:03:44 katana kernel: VFS: Dquot-cache hash table entries: 512 (order 0, 4096 bytes)
Mar 21 12:03:44 katana kernel: AppArmor: AppArmor Filesystem Enabled
Mar 21 12:03:44 katana kernel: pnp: PnP ACPI init
Mar 21 12:03:44 katana kernel: system 00:00: [io  0x0a00-0x0a0f] has been reserved
Mar 21 12:03:44 katana kernel: system 00:00: [io  0x0a10-0x0a1f] has been reserved
Mar 21 12:03:44 katana kernel: system 00:00: [io  0x0a20-0x0a2f] has been reserved
Mar 21 12:03:44 katana kernel: system 00:00: [io  0x0a30-0x0a3f] has been reserved
Mar 21 12:03:44 katana kernel: system 00:01: [io  0x0680-0x069f] has been reserved
Mar 21 12:03:44 katana kernel: system 00:01: [io  0x164e-0x164f] has been reserved
Mar 21 12:03:44 katana kernel: system 00:02: [mem 0xfed10000-0xfed17fff] has been reserved
Mar 21 12:03:44 katana kernel: system 00:02: [mem 0xfed18000-0xfed18fff] has been reserved
Mar 21 12:03:44 katana kernel: system 00:02: [mem 0xfed19000-0xfed19fff] has been reserved
Mar 21 12:03:44 katana kernel: system 00:02: [mem 0xe0000000-0xefffffff] has been reserved
Mar 21 12:03:44 katana kernel: system 00:02: [mem 0xfed20000-0xfed3ffff] has been reserved
Mar 21 12:03:44 katana kernel: system 00:02: [mem 0xfed90000-0xfed93fff] has been reserved
Mar 21 12:03:44 katana kernel: system 00:02: [mem 0xfed45000-0xfed8ffff] has been reserved
Mar 21 12:03:44 katana kernel: system 00:02: [mem 0xfee00000-0xfeefffff] could not be reserved
Mar 21 12:03:44 katana kernel: system 00:03: [io  0x1800-0x18fe] could not be reserved
Mar 21 12:03:44 katana kernel: system 00:03: [mem 0xfd000000-0xfd69ffff] has been reserved
Mar 21 12:03:44 katana kernel: system 00:03: [mem 0xfd6c0000-0xfd6cffff] has been reserved
Mar 21 12:03:44 katana kernel: system 00:03: [mem 0xfd6f0000-0xfdffffff] has been reserved
Mar 21 12:03:44 katana kernel: system 00:03: [mem 0xfe000000-0xfe01ffff] could not be reserved
Mar 21 12:03:44 katana kernel: system 00:03: [mem 0xfe200000-0xfe7fffff] has been reserved
Mar 21 12:03:44 katana kernel: system 00:03: [mem 0xff000000-0xffffffff] has been reserved
Mar 21 12:03:44 katana kernel: system 00:04: [io  0x2000-0x20fe] has been reserved
Mar 21 12:03:44 katana kernel: system 00:05: [mem 0xfd6e0000-0xfd6effff] has been reserved
Mar 21 12:03:44 katana kernel: system 00:05: [mem 0xfd6d0000-0xfd6dffff] has been reserved
Mar 21 12:03:44 katana kernel: system 00:05: [mem 0xfd6b0000-0xfd6bffff] has been reserved
Mar 21 12:03:44 katana kernel: system 00:05: [mem 0xfd6a0000-0xfd6affff] has been reserved
Mar 21 12:03:44 katana kernel: pnp: PnP ACPI: found 7 devices
Mar 21 12:03:44 katana kernel: clocksource: acpi_pm: mask: 0xffffff max_cycles: 0xffffff, max_idle_ns: 2085701024 ns
Mar 21 12:03:44 katana kernel: NET: Registered PF_INET protocol family
Mar 21 12:03:44 katana kernel: IP idents hash table entries: 262144 (order: 9, 2097152 bytes, linear)
Mar 21 12:03:44 katana kernel: tcp_listen_portaddr_hash hash table entries: 8192 (order: 5, 131072 bytes, linear)
Mar 21 12:03:44 katana kernel: Table-perturb hash table entries: 65536 (order: 6, 262144 bytes, linear)
Mar 21 12:03:44 katana kernel: TCP established hash table entries: 131072 (order: 8, 1048576 bytes, linear)
Mar 21 12:03:44 katana kernel: TCP bind hash table entries: 65536 (order: 9, 2097152 bytes, linear)
Mar 21 12:03:44 katana kernel: TCP: Hash tables configured (established 131072 bind 65536)
Mar 21 12:03:44 katana kernel: MPTCP token hash table entries: 16384 (order: 7, 393216 bytes, linear)
Mar 21 12:03:44 katana kernel: UDP hash table entries: 8192 (order: 6, 262144 bytes, linear)
Mar 21 12:03:44 katana kernel: UDP-Lite hash table entries: 8192 (order: 6, 262144 bytes, linear)
Mar 21 12:03:44 katana kernel: NET: Registered PF_UNIX/PF_LOCAL protocol family
Mar 21 12:03:44 katana kernel: NET: Registered PF_XDP protocol family
Mar 21 12:03:44 katana kernel: pci 0000:00:01.0: PCI bridge to [bus 01]
Mar 21 12:03:44 katana kernel: pci 0000:00:01.0:   bridge window [io  0x4000-0x4fff]
Mar 21 12:03:44 katana kernel: pci 0000:00:01.0:   bridge window [mem 0x90000000-0x910fffff]
Mar 21 12:03:44 katana kernel: pci 0000:00:01.0:   bridge window [mem 0x4000000000-0x40120fffff 64bit pref]
Mar 21 12:03:44 katana kernel: pci 0000:00:1b.0: PCI bridge to [bus 02]
Mar 21 12:03:44 katana kernel: pci 0000:00:1b.4: PCI bridge to [bus 03]
Mar 21 12:03:44 katana kernel: pci 0000:00:1b.4:   bridge window [mem 0x91400000-0x914fffff]
Mar 21 12:03:44 katana kernel: pci 0000:00:1c.0: PCI bridge to [bus 04]
Mar 21 12:03:44 katana kernel: pci 0000:00:1c.4: PCI bridge to [bus 05]
Mar 21 12:03:44 katana kernel: pci 0000:00:1c.4:   bridge window [io  0x3000-0x3fff]
Mar 21 12:03:44 katana kernel: pci 0000:00:1c.4:   bridge window [mem 0x91300000-0x913fffff]
Mar 21 12:03:44 katana kernel: pci 0000:00:1c.5: PCI bridge to [bus 06]
Mar 21 12:03:44 katana kernel: pci 0000:00:1c.5:   bridge window [mem 0x91200000-0x912fffff]
Mar 21 12:03:44 katana kernel: pci 0000:00:1d.0: PCI bridge to [bus 07]
Mar 21 12:03:44 katana kernel: pci 0000:00:1d.0:   bridge window [mem 0x91100000-0x911fffff]
Mar 21 12:03:44 katana kernel: pci_bus 0000:00: resource 4 [io  0x0000-0x0cf7 window]
Mar 21 12:03:44 katana kernel: pci_bus 0000:00: resource 5 [io  0x0d00-0xffff window]
Mar 21 12:03:44 katana kernel: pci_bus 0000:00: resource 6 [mem 0x000a0000-0x000fffff window]
Mar 21 12:03:44 katana kernel: pci_bus 0000:00: resource 7 [mem 0x90000000-0xdfffffff window]
Mar 21 12:03:44 katana kernel: pci_bus 0000:00: resource 8 [mem 0x4000000000-0x7fffffffff window]
Mar 21 12:03:44 katana kernel: pci_bus 0000:00: resource 9 [mem 0xfc800000-0xfe7fffff window]
Mar 21 12:03:44 katana kernel: pci_bus 0000:01: resource 0 [io  0x4000-0x4fff]
Mar 21 12:03:44 katana kernel: pci_bus 0000:01: resource 1 [mem 0x90000000-0x910fffff]
Mar 21 12:03:44 katana kernel: pci_bus 0000:01: resource 2 [mem 0x4000000000-0x40120fffff 64bit pref]
Mar 21 12:03:44 katana kernel: pci_bus 0000:03: resource 1 [mem 0x91400000-0x914fffff]
Mar 21 12:03:44 katana kernel: pci_bus 0000:05: resource 0 [io  0x3000-0x3fff]
Mar 21 12:03:44 katana kernel: pci_bus 0000:05: resource 1 [mem 0x91300000-0x913fffff]
Mar 21 12:03:44 katana kernel: pci_bus 0000:06: resource 1 [mem 0x91200000-0x912fffff]
Mar 21 12:03:44 katana kernel: pci_bus 0000:07: resource 1 [mem 0x91100000-0x911fffff]
Mar 21 12:03:44 katana kernel: pci 0000:01:00.1: extending delay after power-on from D3hot to 20 msec
Mar 21 12:03:44 katana kernel: pci 0000:01:00.1: D0 power state depends on 0000:01:00.0
Mar 21 12:03:44 katana kernel: pci 0000:01:00.2: D0 power state depends on 0000:01:00.0
Mar 21 12:03:44 katana kernel: pci 0000:01:00.3: D0 power state depends on 0000:01:00.0
Mar 21 12:03:44 katana kernel: PCI: CLS 64 bytes, default 64
Mar 21 12:03:44 katana kernel: pci 0000:00:1f.1: [8086:a320] type 00 class 0x058000 conventional PCI endpoint
Mar 21 12:03:44 katana kernel: pci 0000:00:1f.1: BAR 0 [mem 0xfd000000-0xfdffffff 64bit]
Mar 21 12:03:44 katana kernel: PCI-DMA: Using software bounce buffering for IO (SWIOTLB)
Mar 21 12:03:44 katana kernel: software IO TLB: mapped [mem 0x0000000083275000-0x0000000087275000] (64MB)
Mar 21 12:03:44 katana kernel: Trying to unpack rootfs image as initramfs...
Mar 21 12:03:44 katana kernel: platform rtc_cmos: registered platform RTC device (no PNP device found)
Mar 21 12:03:44 katana kernel: Initialise system trusted keyrings
Mar 21 12:03:44 katana kernel: Key type blacklist registered
Mar 21 12:03:44 katana kernel: workingset: timestamp_bits=36 max_order=22 bucket_order=0
Mar 21 12:03:44 katana kernel: zbud: loaded
Mar 21 12:03:44 katana kernel: squashfs: version 4.0 (2009/01/31) Phillip Lougher
Mar 21 12:03:44 katana kernel: fuse: init (API version 7.39)
Mar 21 12:03:44 katana kernel: integrity: Platform Keyring initialized
Mar 21 12:03:44 katana kernel: integrity: Machine keyring initialized
Mar 21 12:03:44 katana kernel: Key type asymmetric registered
Mar 21 12:03:44 katana kernel: Asymmetric key parser 'x509' registered
Mar 21 12:03:44 katana kernel: Block layer SCSI generic (bsg) driver version 0.4 loaded (major 243)
Mar 21 12:03:44 katana kernel: io scheduler mq-deadline registered
Mar 21 12:03:44 katana kernel: shpchp: Standard Hot Plug PCI Controller Driver version: 0.4
Mar 21 12:03:44 katana kernel: input: Sleep Button as /devices/LNXSYSTM:00/LNXSYBUS:00/PNP0C0E:00/input/input0
Mar 21 12:03:44 katana kernel: ACPI: button: Sleep Button [SLPB]
Mar 21 12:03:44 katana kernel: input: Power Button as /devices/LNXSYSTM:00/LNXSYBUS:00/PNP0C0C:00/input/input1
Mar 21 12:03:44 katana kernel: ACPI: button: Power Button [PWRB]
Mar 21 12:03:44 katana kernel: input: Power Button as /devices/LNXSYSTM:00/LNXPWRBN:00/input/input2
Mar 21 12:03:44 katana kernel: ACPI: button: Power Button [PWRF]
Mar 21 12:03:44 katana kernel: thermal LNXTHERM:00: registered as thermal_zone0
Mar 21 12:03:44 katana kernel: ACPI: thermal: Thermal Zone [TZ00] (28 C)
Mar 21 12:03:44 katana kernel: Serial: 8250/16550 driver, 32 ports, IRQ sharing enabled
Mar 21 12:03:44 katana kernel: serial8250: ttyS0 at I/O 0x3f8 (irq = 4, base_baud = 115200) is a 16550A
Mar 21 12:03:44 katana kernel: serial8250: ttyS1 at I/O 0x2f8 (irq = 3, base_baud = 115200) is a 16550A
Mar 21 12:03:44 katana kernel: Linux agpgart interface v0.103
Mar 21 12:03:44 katana kernel: loop: module loaded
Mar 21 12:03:44 katana kernel: ACPI: bus type drm_connector registered
Mar 21 12:03:44 katana kernel: tun: Universal TUN/TAP device driver, 1.6
Mar 21 12:03:44 katana kernel: PPP generic driver version 2.4.2
Mar 21 12:03:44 katana kernel: i8042: PNP: No PS/2 controller found.
Mar 21 12:03:44 katana kernel: mousedev: PS/2 mouse device common for all mice
Mar 21 12:03:44 katana kernel: rtc_cmos rtc_cmos: RTC can wake from S4
Mar 21 12:03:44 katana kernel: rtc_cmos rtc_cmos: registered as rtc0
Mar 21 12:03:44 katana kernel: rtc_cmos rtc_cmos: setting system clock to 2026-03-21T19:03:38 UTC (1774119818)
Mar 21 12:03:44 katana kernel: rtc_cmos rtc_cmos: alarms up to one month, y3k, 114 bytes nvram
Mar 21 12:03:44 katana kernel: i2c_dev: i2c /dev entries driver
Mar 21 12:03:44 katana kernel: device-mapper: core: CONFIG_IMA_DISABLE_HTABLE is disabled. Duplicate IMA measurements will not be recorded in the IMA log.
Mar 21 12:03:44 katana kernel: device-mapper: uevent: version 1.0.3
Mar 21 12:03:44 katana kernel: device-mapper: ioctl: 4.48.0-ioctl (2023-03-01) initialised: dm-devel@redhat.com
Mar 21 12:03:44 katana kernel: intel_pstate: Intel P-state driver initializing
Mar 21 12:03:44 katana kernel: intel_pstate: Disabling energy efficiency optimization
Mar 21 12:03:44 katana kernel: intel_pstate: HWP enabled
Mar 21 12:03:44 katana kernel: ledtrig-cpu: registered to indicate activity on CPUs
Mar 21 12:03:44 katana kernel: [drm] Initialized simpledrm 1.0.0 20200625 for simple-framebuffer.0 on minor 0
Mar 21 12:03:44 katana kernel: fbcon: Deferring console take-over
Mar 21 12:03:44 katana kernel: simple-framebuffer simple-framebuffer.0: [drm] fb0: simpledrmdrmfb frame buffer device
Mar 21 12:03:44 katana kernel: drop_monitor: Initializing network drop monitor service
Mar 21 12:03:44 katana kernel: NET: Registered PF_INET6 protocol family
Mar 21 12:03:44 katana kernel: Freeing initrd memory: 78816K
Mar 21 12:03:44 katana kernel: Segment Routing with IPv6
Mar 21 12:03:44 katana kernel: In-situ OAM (IOAM) with IPv6
Mar 21 12:03:44 katana kernel: NET: Registered PF_PACKET protocol family
Mar 21 12:03:44 katana kernel: Key type dns_resolver registered
Mar 21 12:03:44 katana kernel: microcode: Current revision: 0x00000104
Mar 21 12:03:44 katana kernel: microcode: Updated early from: 0x000000b8
Mar 21 12:03:44 katana kernel: IPI shorthand broadcast: enabled
Mar 21 12:03:44 katana kernel: sched_clock: Marking stable (530001167, 6618267)->(539925030, -3305596)
Mar 21 12:03:44 katana kernel: registered taskstats version 1
Mar 21 12:03:44 katana kernel: Loading compiled-in X.509 certificates
Mar 21 12:03:44 katana kernel: Loaded X.509 cert 'Build time autogenerated kernel key: e2457814fb87ffeb5c62778c7e91ebe8ffd70b4f'
Mar 21 12:03:44 katana kernel: Loaded X.509 cert 'Canonical Ltd. Live Patch Signing 2025 Kmod: d541cef61dc7e793b7eb7e899970a2eef0b5dc8c'
Mar 21 12:03:44 katana kernel: Loaded X.509 cert 'Canonical Ltd. Live Patch Signing: 14df34d1a87cf37625abec039ef2bf521249b969'
Mar 21 12:03:44 katana kernel: Loaded X.509 cert 'Canonical Ltd. Kernel Module Signing: 88f752e560a1e0737e31163a466ad7b70a850c19'
Mar 21 12:03:44 katana kernel: blacklist: Loading compiled-in revocation X.509 certificates
Mar 21 12:03:44 katana kernel: Loaded X.509 cert 'Canonical Ltd. Secure Boot Signing: 61482aa2830d0ab2ad5af10b7250da9033ddcef0'
Mar 21 12:03:44 katana kernel: Loaded X.509 cert 'Canonical Ltd. Secure Boot Signing (2017): 242ade75ac4a15e50d50c84b0d45ff3eae707a03'
Mar 21 12:03:44 katana kernel: Loaded X.509 cert 'Canonical Ltd. Secure Boot Signing (ESM 2018): 365188c1d374d6b07c3c8f240f8ef722433d6a8b'
Mar 21 12:03:44 katana kernel: Loaded X.509 cert 'Canonical Ltd. Secure Boot Signing (2019): c0746fd6c5da3ae827864651ad66ae47fe24b3e8'
Mar 21 12:03:44 katana kernel: Loaded X.509 cert 'Canonical Ltd. Secure Boot Signing (2021 v1): a8d54bbb3825cfb94fa13c9f8a594a195c107b8d'
Mar 21 12:03:44 katana kernel: Loaded X.509 cert 'Canonical Ltd. Secure Boot Signing (2021 v2): 4cf046892d6fd3c9a5b03f98d845f90851dc6a8c'
Mar 21 12:03:44 katana kernel: Loaded X.509 cert 'Canonical Ltd. Secure Boot Signing (2021 v3): 100437bb6de6e469b581e61cd66bce3ef4ed53af'
Mar 21 12:03:44 katana kernel: Loaded X.509 cert 'Canonical Ltd. Secure Boot Signing (Ubuntu Core 2019): c1d57b8f6b743f23ee41f4f7ee292f06eecadfb9'
Mar 21 12:03:44 katana kernel: Key type .fscrypt registered
Mar 21 12:03:44 katana kernel: Key type fscrypt-provisioning registered
Mar 21 12:03:44 katana kernel: Key type trusted registered
Mar 21 12:03:44 katana kernel: Key type encrypted registered
Mar 21 12:03:44 katana kernel: AppArmor: AppArmor sha256 policy hashing enabled
Mar 21 12:03:44 katana kernel: integrity: Loading X.509 certificate: UEFI:db
Mar 21 12:03:44 katana kernel: integrity: Loaded X.509 cert 'Microsoft Corporation UEFI CA 2011: 13adbf4309bd82709c8cd54f316ed522988a1bd4'
Mar 21 12:03:44 katana kernel: integrity: Loading X.509 certificate: UEFI:db
Mar 21 12:03:44 katana kernel: integrity: Loaded X.509 cert 'Microsoft Windows Production PCA 2011: a92902398e16c49778cd90f99e4f9ae17c55af53'
Mar 21 12:03:44 katana kernel: Loading compiled-in module X.509 certificates
Mar 21 12:03:44 katana kernel: Loaded X.509 cert 'Build time autogenerated kernel key: e2457814fb87ffeb5c62778c7e91ebe8ffd70b4f'
Mar 21 12:03:44 katana kernel: ima: Allocated hash algorithm: sha256
Mar 21 12:03:44 katana kernel: ima: No architecture policies found
Mar 21 12:03:44 katana kernel: evm: Initialising EVM extended attributes:
Mar 21 12:03:44 katana kernel: evm: security.selinux
Mar 21 12:03:44 katana kernel: evm: security.SMACK64
Mar 21 12:03:44 katana kernel: evm: security.SMACK64EXEC
Mar 21 12:03:44 katana kernel: evm: security.SMACK64TRANSMUTE
Mar 21 12:03:44 katana kernel: evm: security.SMACK64MMAP
Mar 21 12:03:44 katana kernel: evm: security.apparmor
Mar 21 12:03:44 katana kernel: evm: security.ima
Mar 21 12:03:44 katana kernel: evm: security.capability
Mar 21 12:03:44 katana kernel: evm: HMAC attrs: 0x1
Mar 21 12:03:44 katana kernel: PM:   Magic number: 2:90:92
Mar 21 12:03:44 katana kernel:  container: hash matches
Mar 21 12:03:44 katana kernel: RAS: Correctable Errors collector initialized.
Mar 21 12:03:44 katana kernel: clk: Disabling unused clocks
Mar 21 12:03:44 katana kernel: Freeing unused decrypted memory: 2028K
Mar 21 12:03:44 katana kernel: Freeing unused kernel image (initmem) memory: 4920K
Mar 21 12:03:44 katana kernel: Write protecting the kernel read-only data: 38912k
Mar 21 12:03:44 katana kernel: Freeing unused kernel image (rodata/data gap) memory: 1976K
Mar 21 12:03:44 katana kernel: x86/mm: Checked W+X mappings: passed, no W+X pages found.
Mar 21 12:03:44 katana kernel: Run /init as init process
Mar 21 12:03:44 katana kernel:   with arguments:
Mar 21 12:03:44 katana kernel:     /init
Mar 21 12:03:44 katana kernel:   with environment:
Mar 21 12:03:44 katana kernel:     HOME=/
Mar 21 12:03:44 katana kernel:     TERM=linux
Mar 21 12:03:44 katana kernel: ahci 0000:00:17.0: version 3.0
Mar 21 12:03:44 katana kernel: xhci_hcd 0000:00:14.0: xHCI Host Controller
Mar 21 12:03:44 katana kernel: xhci_hcd 0000:00:14.0: new USB bus registered, assigned bus number 1
Mar 21 12:03:44 katana kernel: xhci_hcd 0000:00:14.0: hcc params 0x200077c1 hci version 0x110 quirks 0x0000000000009810
Mar 21 12:03:44 katana kernel: nvme nvme0: pci function 0000:03:00.0
Mar 21 12:03:44 katana kernel: nvme 0000:03:00.0: enabling device (0000 -> 0002)
Mar 21 12:03:44 katana kernel: nvme nvme1: pci function 0000:07:00.0
Mar 21 12:03:44 katana kernel: xhci_hcd 0000:00:14.0: xHCI Host Controller
Mar 21 12:03:44 katana kernel: xhci_hcd 0000:00:14.0: new USB bus registered, assigned bus number 2
Mar 21 12:03:44 katana kernel: xhci_hcd 0000:00:14.0: Host supports USB 3.1 Enhanced SuperSpeed
Mar 21 12:03:44 katana kernel: usb usb1: New USB device found, idVendor=1d6b, idProduct=0002, bcdDevice= 6.08
Mar 21 12:03:44 katana kernel: usb usb1: New USB device strings: Mfr=3, Product=2, SerialNumber=1
Mar 21 12:03:44 katana kernel: usb usb1: Product: xHCI Host Controller
Mar 21 12:03:44 katana kernel: usb usb1: Manufacturer: Linux 6.8.0-106-generic xhci-hcd
Mar 21 12:03:44 katana kernel: usb usb1: SerialNumber: 0000:00:14.0
Mar 21 12:03:44 katana kernel: hub 1-0:1.0: USB hub found
Mar 21 12:03:44 katana kernel: hub 1-0:1.0: 16 ports detected
Mar 21 12:03:44 katana kernel: nvme nvme1: Shutdown timeout set to 8 seconds
Mar 21 12:03:44 katana kernel: ahci 0000:00:17.0: AHCI 0001.0301 32 slots 6 ports 6 Gbps 0x3f impl SATA mode
Mar 21 12:03:44 katana kernel: ahci 0000:00:17.0: flags: 64bit ncq sntf clo only pio slum part ems deso sadm sds apst 
Mar 21 12:03:44 katana kernel: usb usb2: New USB device found, idVendor=1d6b, idProduct=0003, bcdDevice= 6.08
Mar 21 12:03:44 katana kernel: usb usb2: New USB device strings: Mfr=3, Product=2, SerialNumber=1
Mar 21 12:03:44 katana kernel: usb usb2: Product: xHCI Host Controller
Mar 21 12:03:44 katana kernel: usb usb2: Manufacturer: Linux 6.8.0-106-generic xhci-hcd
Mar 21 12:03:44 katana kernel: usb usb2: SerialNumber: 0000:00:14.0
Mar 21 12:03:44 katana kernel: hub 2-0:1.0: USB hub found
Mar 21 12:03:44 katana kernel: hub 2-0:1.0: 10 ports detected
Mar 21 12:03:44 katana kernel: nvme nvme0: 8/0/0 default/read/poll queues
Mar 21 12:03:44 katana kernel: xhci_hcd 0000:01:00.2: xHCI Host Controller
Mar 21 12:03:44 katana kernel: xhci_hcd 0000:01:00.2: new USB bus registered, assigned bus number 3
Mar 21 12:03:44 katana kernel: xhci_hcd 0000:01:00.2: hcc params 0x0180ff05 hci version 0x110 quirks 0x0000000000000010
Mar 21 12:03:44 katana kernel: xhci_hcd 0000:01:00.2: xHCI Host Controller
Mar 21 12:03:44 katana kernel: xhci_hcd 0000:01:00.2: new USB bus registered, assigned bus number 4
Mar 21 12:03:44 katana kernel: xhci_hcd 0000:01:00.2: Host supports USB 3.1 Enhanced SuperSpeed
Mar 21 12:03:44 katana kernel: usb usb3: New USB device found, idVendor=1d6b, idProduct=0002, bcdDevice= 6.08
Mar 21 12:03:44 katana kernel: usb usb3: New USB device strings: Mfr=3, Product=2, SerialNumber=1
Mar 21 12:03:44 katana kernel: usb usb3: Product: xHCI Host Controller
Mar 21 12:03:44 katana kernel: usb usb3: Manufacturer: Linux 6.8.0-106-generic xhci-hcd
Mar 21 12:03:44 katana kernel: usb usb3: SerialNumber: 0000:01:00.2
Mar 21 12:03:44 katana kernel: hub 3-0:1.0: USB hub found
Mar 21 12:03:44 katana kernel: hub 3-0:1.0: 2 ports detected
Mar 21 12:03:44 katana kernel: usb usb4: We don't know the algorithms for LPM for this host, disabling LPM.
Mar 21 12:03:44 katana kernel: usb usb4: New USB device found, idVendor=1d6b, idProduct=0003, bcdDevice= 6.08
Mar 21 12:03:44 katana kernel: usb usb4: New USB device strings: Mfr=3, Product=2, SerialNumber=1
Mar 21 12:03:44 katana kernel: usb usb4: Product: xHCI Host Controller
Mar 21 12:03:44 katana kernel: usb usb4: Manufacturer: Linux 6.8.0-106-generic xhci-hcd
Mar 21 12:03:44 katana kernel: usb usb4: SerialNumber: 0000:01:00.2
Mar 21 12:03:44 katana kernel: hub 4-0:1.0: USB hub found
Mar 21 12:03:44 katana kernel: hub 4-0:1.0: 4 ports detected
Mar 21 12:03:44 katana kernel: nvme nvme1: 8/0/0 default/read/poll queues
Mar 21 12:03:44 katana kernel:  nvme0n1:
Mar 21 12:03:44 katana kernel:  nvme1n1: p1 p2
Mar 21 12:03:44 katana kernel: r8169 0000:05:00.0: can't disable ASPM; OS doesn't have ASPM control
Mar 21 12:03:44 katana kernel: scsi host0: ahci
Mar 21 12:03:44 katana kernel: scsi host1: ahci
Mar 21 12:03:44 katana kernel: scsi host2: ahci
Mar 21 12:03:44 katana kernel: scsi host3: ahci
Mar 21 12:03:44 katana kernel: scsi host4: ahci
Mar 21 12:03:44 katana kernel: scsi host5: ahci
Mar 21 12:03:44 katana kernel: ata1: SATA max UDMA/133 abar m2048@0x91502000 port 0x91502100 irq 127 lpm-pol 0
Mar 21 12:03:44 katana kernel: ata2: SATA max UDMA/133 abar m2048@0x91502000 port 0x91502180 irq 127 lpm-pol 0
Mar 21 12:03:44 katana kernel: ata3: SATA max UDMA/133 abar m2048@0x91502000 port 0x91502200 irq 127 lpm-pol 0
Mar 21 12:03:44 katana kernel: ata4: SATA max UDMA/133 abar m2048@0x91502000 port 0x91502280 irq 127 lpm-pol 0
Mar 21 12:03:44 katana kernel: ata5: SATA max UDMA/133 abar m2048@0x91502000 port 0x91502300 irq 127 lpm-pol 0
Mar 21 12:03:44 katana kernel: ata6: SATA max UDMA/133 abar m2048@0x91502000 port 0x91502380 irq 127 lpm-pol 0
Mar 21 12:03:44 katana kernel: r8169 0000:05:00.0 eth0: RTL8168h/8111h, 00:d8:61:bb:9f:8e, XID 541, IRQ 148
Mar 21 12:03:44 katana kernel: r8169 0000:05:00.0 eth0: jumbo features [frames: 9194 bytes, tx checksumming: ko]
Mar 21 12:03:44 katana kernel: usb 1-3: new high-speed USB device number 2 using xhci_hcd
Mar 21 12:03:44 katana kernel: ata1: SATA link up 6.0 Gbps (SStatus 133 SControl 300)
Mar 21 12:03:44 katana kernel: ata4: SATA link down (SStatus 4 SControl 300)
Mar 21 12:03:44 katana kernel: ata6: SATA link down (SStatus 4 SControl 300)
Mar 21 12:03:44 katana kernel: ata3: SATA link down (SStatus 4 SControl 300)
Mar 21 12:03:44 katana kernel: ata5: SATA link down (SStatus 4 SControl 300)
Mar 21 12:03:44 katana kernel: ata2: SATA link up 6.0 Gbps (SStatus 133 SControl 300)
Mar 21 12:03:44 katana kernel: ata2.00: ACPI cmd f5/00:00:00:00:00:00(SECURITY FREEZE LOCK) filtered out
Mar 21 12:03:44 katana kernel: ata2.00: ACPI cmd b1/c1:00:00:00:00:00(DEVICE CONFIGURATION OVERLAY) filtered out
Mar 21 12:03:44 katana kernel: ata1.00: ACPI cmd f5/00:00:00:00:00:00(SECURITY FREEZE LOCK) filtered out
Mar 21 12:03:44 katana kernel: ata1.00: ACPI cmd b1/c1:00:00:00:00:00(DEVICE CONFIGURATION OVERLAY) filtered out
Mar 21 12:03:44 katana kernel: ata2.00: ATA-9: ADATA SU800, R0918B, max UDMA/133
Mar 21 12:03:44 katana kernel: ata1.00: ATA-9: ADATA SU800, 02K0S86D, max UDMA/133
Mar 21 12:03:44 katana kernel: ata2.00: 500118192 sectors, multi 2: LBA48 NCQ (depth 32), AA
Mar 21 12:03:44 katana kernel: ata1.00: 1000215216 sectors, multi 2: LBA48 NCQ (depth 32), AA
Mar 21 12:03:44 katana kernel: ata2.00: Features: Dev-Sleep
Mar 21 12:03:44 katana kernel: ata1.00: Features: Dev-Sleep
Mar 21 12:03:44 katana kernel: ata2.00: ACPI cmd f5/00:00:00:00:00:00(SECURITY FREEZE LOCK) filtered out
Mar 21 12:03:44 katana kernel: ata2.00: ACPI cmd b1/c1:00:00:00:00:00(DEVICE CONFIGURATION OVERLAY) filtered out
Mar 21 12:03:44 katana kernel: ata1.00: ACPI cmd f5/00:00:00:00:00:00(SECURITY FREEZE LOCK) filtered out
Mar 21 12:03:44 katana kernel: ata1.00: ACPI cmd b1/c1:00:00:00:00:00(DEVICE CONFIGURATION OVERLAY) filtered out
Mar 21 12:03:44 katana kernel: ata2.00: configured for UDMA/133
Mar 21 12:03:44 katana kernel: ata1.00: configured for UDMA/133
Mar 21 12:03:44 katana kernel: scsi 0:0:0:0: Direct-Access     ATA      ADATA SU800      S86D PQ: 0 ANSI: 5
Mar 21 12:03:44 katana kernel: sd 0:0:0:0: Attached scsi generic sg0 type 0
Mar 21 12:03:44 katana kernel: sd 0:0:0:0: [sda] 1000215216 512-byte logical blocks: (512 GB/477 GiB)
Mar 21 12:03:44 katana kernel: sd 0:0:0:0: [sda] Write Protect is off
Mar 21 12:03:44 katana kernel: sd 0:0:0:0: [sda] Mode Sense: 00 3a 00 00
Mar 21 12:03:44 katana kernel: sd 0:0:0:0: [sda] Write cache: enabled, read cache: enabled, doesn't support DPO or FUA
Mar 21 12:03:44 katana kernel: sd 0:0:0:0: [sda] Preferred minimum I/O size 512 bytes
Mar 21 12:03:44 katana kernel: scsi 1:0:0:0: Direct-Access     ATA      ADATA SU800      8B   PQ: 0 ANSI: 5
Mar 21 12:03:44 katana kernel: sd 1:0:0:0: Attached scsi generic sg1 type 0
Mar 21 12:03:44 katana kernel: sd 1:0:0:0: [sdb] 500118192 512-byte logical blocks: (256 GB/238 GiB)
Mar 21 12:03:44 katana kernel: sd 1:0:0:0: [sdb] Write Protect is off
Mar 21 12:03:44 katana kernel: sd 1:0:0:0: [sdb] Mode Sense: 00 3a 00 00
Mar 21 12:03:44 katana kernel: sd 1:0:0:0: [sdb] Write cache: enabled, read cache: enabled, doesn't support DPO or FUA
Mar 21 12:03:44 katana kernel: sd 1:0:0:0: [sdb] Preferred minimum I/O size 512 bytes
Mar 21 12:03:44 katana kernel:  sda: sda1 sda2 sda3 sda4 sda5
Mar 21 12:03:44 katana kernel:  sdb: sdb1
Mar 21 12:03:44 katana kernel: sd 1:0:0:0: [sdb] Attached SCSI disk
Mar 21 12:03:44 katana kernel: sd 0:0:0:0: [sda] Attached SCSI disk
Mar 21 12:03:44 katana kernel: r8169 0000:05:00.0 enp5s0: renamed from eth0
Mar 21 12:03:44 katana kernel: usb 1-3: New USB device found, idVendor=2109, idProduct=2824, bcdDevice= 1.93
Mar 21 12:03:44 katana kernel: usb 1-3: New USB device strings: Mfr=1, Product=2, SerialNumber=3
Mar 21 12:03:44 katana kernel: usb 1-3: Product: USB2.0 Hub             
Mar 21 12:03:44 katana kernel: usb 1-3: Manufacturer: VIA Labs, Inc.         
Mar 21 12:03:44 katana kernel: usb 1-3: SerialNumber: 000000001
Mar 21 12:03:44 katana kernel: hub 1-3:1.0: USB hub found
Mar 21 12:03:44 katana kernel: hub 1-3:1.0: 4 ports detected
Mar 21 12:03:44 katana kernel: md/raid1:md127: active with 1 out of 2 mirrors
Mar 21 12:03:44 katana kernel: md127: detected capacity change from 0 to 499851904
Mar 21 12:03:44 katana kernel:  md127: p1
Mar 21 12:03:44 katana kernel: usb 2-3: new SuperSpeed Plus Gen 2x1 USB device number 2 using xhci_hcd
Mar 21 12:03:44 katana kernel: usb 2-3: New USB device found, idVendor=2109, idProduct=0824, bcdDevice= 1.93
Mar 21 12:03:44 katana kernel: usb 2-3: New USB device strings: Mfr=1, Product=2, SerialNumber=3
Mar 21 12:03:44 katana kernel: usb 2-3: Product: USB3.1 Hub             
Mar 21 12:03:44 katana kernel: usb 2-3: Manufacturer: VIA Labs, Inc.         
Mar 21 12:03:44 katana kernel: usb 2-3: SerialNumber: 000000001
Mar 21 12:03:44 katana kernel: hub 2-3:1.0: USB hub found
Mar 21 12:03:44 katana kernel: hub 2-3:1.0: 4 ports detected
Mar 21 12:03:44 katana kernel: usb 1-4: new high-speed USB device number 3 using xhci_hcd
Mar 21 12:03:44 katana kernel: tsc: Refined TSC clocksource calibration: 3600.001 MHz
Mar 21 12:03:44 katana kernel: clocksource: tsc: mask: 0xffffffffffffffff max_cycles: 0x33e454f497e, max_idle_ns: 440795385952 ns
Mar 21 12:03:44 katana kernel: clocksource: Switched to clocksource tsc
Mar 21 12:03:44 katana kernel: usb 1-4: New USB device found, idVendor=2109, idProduct=2817, bcdDevice=90.14
Mar 21 12:03:44 katana kernel: usb 1-4: New USB device strings: Mfr=1, Product=2, SerialNumber=3
Mar 21 12:03:44 katana kernel: usb 1-4: Product: USB2.0 Hub             
Mar 21 12:03:44 katana kernel: usb 1-4: Manufacturer: VIA Labs, Inc.         
Mar 21 12:03:44 katana kernel: usb 1-4: SerialNumber: 000000000
Mar 21 12:03:44 katana kernel: hub 1-4:1.0: USB hub found
Mar 21 12:03:44 katana kernel: hub 1-4:1.0: 4 ports detected
Mar 21 12:03:44 katana kernel: usb 2-4: new SuperSpeed USB device number 3 using xhci_hcd
Mar 21 12:03:44 katana kernel: usb 2-4: New USB device found, idVendor=2109, idProduct=0817, bcdDevice=90.14
Mar 21 12:03:44 katana kernel: usb 2-4: New USB device strings: Mfr=1, Product=2, SerialNumber=3
Mar 21 12:03:44 katana kernel: usb 2-4: Product: USB3.0 Hub             
Mar 21 12:03:44 katana kernel: usb 2-4: Manufacturer: VIA Labs, Inc.         
Mar 21 12:03:44 katana kernel: usb 2-4: SerialNumber: 000000000
Mar 21 12:03:44 katana kernel: hub 2-4:1.0: USB hub found
Mar 21 12:03:44 katana kernel: hub 2-4:1.0: 4 ports detected
Mar 21 12:03:44 katana kernel: usb 1-7: new high-speed USB device number 4 using xhci_hcd
Mar 21 12:03:44 katana kernel: usb 1-7: New USB device found, idVendor=05e3, idProduct=0610, bcdDevice= 6.63
Mar 21 12:03:44 katana kernel: usb 1-7: New USB device strings: Mfr=1, Product=2, SerialNumber=0
Mar 21 12:03:44 katana kernel: usb 1-7: Product: USB2.1 Hub
Mar 21 12:03:44 katana kernel: usb 1-7: Manufacturer: GenesysLogic
Mar 21 12:03:44 katana kernel: hub 1-7:1.0: USB hub found
Mar 21 12:03:44 katana kernel: hub 1-7:1.0: 4 ports detected
Mar 21 12:03:44 katana kernel: usb 1-4.1: new full-speed USB device number 5 using xhci_hcd
Mar 21 12:03:44 katana kernel: usb 1-4.1: New USB device found, idVendor=1209, idProduct=2201, bcdDevice= 1.00
Mar 21 12:03:44 katana kernel: usb 1-4.1: New USB device strings: Mfr=1, Product=2, SerialNumber=3
Mar 21 12:03:44 katana kernel: usb 1-4.1: Product: Raise
Mar 21 12:03:44 katana kernel: usb 1-4.1: Manufacturer: Dygma
Mar 21 12:03:44 katana kernel: usb 1-4.1: SerialNumber: 6ED88ED450535254352E3120FF163028raiseD
Mar 21 12:03:44 katana kernel: usb 1-8: new high-speed USB device number 6 using xhci_hcd
Mar 21 12:03:44 katana kernel: usb 1-8: New USB device found, idVendor=1a40, idProduct=0201, bcdDevice= 1.00
Mar 21 12:03:44 katana kernel: usb 1-8: New USB device strings: Mfr=0, Product=1, SerialNumber=0
Mar 21 12:03:44 katana kernel: usb 1-8: Product: USB 2.0 Hub [MTT]
Mar 21 12:03:44 katana kernel: hub 1-8:1.0: USB hub found
Mar 21 12:03:44 katana kernel: hub 1-8:1.0: 7 ports detected
Mar 21 12:03:44 katana kernel: usb 1-7.3: new full-speed USB device number 7 using xhci_hcd
Mar 21 12:03:44 katana kernel: usb 1-7.3: New USB device found, idVendor=1b3f, idProduct=2008, bcdDevice= 1.00
Mar 21 12:03:44 katana kernel: usb 1-7.3: New USB device strings: Mfr=1, Product=2, SerialNumber=0
Mar 21 12:03:44 katana kernel: usb 1-7.3: Product: USB Audio Device
Mar 21 12:03:44 katana kernel: usb 1-7.3: Manufacturer: GeneralPlus
Mar 21 12:03:44 katana kernel: usb 1-4.2: new full-speed USB device number 8 using xhci_hcd
Mar 21 12:03:44 katana kernel: usb 1-4.2: New USB device found, idVendor=258e, idProduct=000f, bcdDevice= 0.01
Mar 21 12:03:44 katana kernel: usb 1-4.2: New USB device strings: Mfr=1, Product=2, SerialNumber=3
Mar 21 12:03:44 katana kernel: usb 1-4.2: Product: USB KEYBOARD
Mar 21 12:03:44 katana kernel: usb 1-4.2: Manufacturer: Hailuck Co.,Ltd
Mar 21 12:03:44 katana kernel: usb 1-4.2: SerialNumber: SN:0009
Mar 21 12:03:44 katana kernel: usb 1-10: new full-speed USB device number 9 using xhci_hcd
Mar 21 12:03:44 katana kernel: usb 1-10: New USB device found, idVendor=1462, idProduct=b926, bcdDevice= 0.01
Mar 21 12:03:44 katana kernel: usb 1-10: New USB device strings: Mfr=1, Product=2, SerialNumber=3
Mar 21 12:03:44 katana kernel: usb 1-10: Product: MYSTIC LIGHT 
Mar 21 12:03:44 katana kernel: usb 1-10: Manufacturer: MSI
Mar 21 12:03:44 katana kernel: usb 1-10: SerialNumber: A02018091207
Mar 21 12:03:44 katana kernel: usb 1-8.1: new low-speed USB device number 10 using xhci_hcd
Mar 21 12:03:44 katana kernel: usb 1-8.1: New USB device found, idVendor=0b20, idProduct=0db0, bcdDevice= 1.10
Mar 21 12:03:44 katana kernel: usb 1-8.1: New USB device strings: Mfr=1, Product=2, SerialNumber=0
Mar 21 12:03:44 katana kernel: usb 1-8.1: Product: MSI GK20 Gaming Keyboard
Mar 21 12:03:44 katana kernel: usb 1-8.1: Manufacturer: Micro-Star INT'L CO., LTD.
Mar 21 12:03:44 katana kernel: usb 1-4.3: new full-speed USB device number 11 using xhci_hcd
Mar 21 12:03:44 katana kernel: usb 1-4.3: New USB device found, idVendor=046d, idProduct=c548, bcdDevice= 5.01
Mar 21 12:03:44 katana kernel: usb 1-4.3: New USB device strings: Mfr=1, Product=2, SerialNumber=0
Mar 21 12:03:44 katana kernel: usb 1-4.3: Product: USB Receiver
Mar 21 12:03:44 katana kernel: usb 1-4.3: Manufacturer: Logitech
Mar 21 12:03:44 katana kernel: usb 1-14: new full-speed USB device number 12 using xhci_hcd
Mar 21 12:03:44 katana kernel: usb 1-14: New USB device found, idVendor=8087, idProduct=0029, bcdDevice= 0.01
Mar 21 12:03:44 katana kernel: usb 1-14: New USB device strings: Mfr=0, Product=0, SerialNumber=0
Mar 21 12:03:44 katana kernel: hid: raw HID events driver (C) Jiri Kosina
Mar 21 12:03:44 katana kernel: usbcore: registered new interface driver usbhid
Mar 21 12:03:44 katana kernel: usbhid: USB HID core driver
Mar 21 12:03:44 katana kernel: input: Dygma Raise Consumer Control as /devices/pci0000:00/0000:00:14.0/usb1/1-4/1-4.1/1-4.1:1.2/0003:1209:2201.0001/input/input3
Mar 21 12:03:44 katana kernel: usb 1-8.5: new full-speed USB device number 13 using xhci_hcd
Mar 21 12:03:44 katana kernel: input: Dygma Raise Keyboard as /devices/pci0000:00/0000:00:14.0/usb1/1-4/1-4.1/1-4.1:1.2/0003:1209:2201.0001/input/input4
Mar 21 12:03:44 katana kernel: input: Dygma Raise Mouse as /devices/pci0000:00/0000:00:14.0/usb1/1-4/1-4.1/1-4.1:1.2/0003:1209:2201.0001/input/input5
Mar 21 12:03:44 katana kernel: hid-generic 0003:1209:2201.0001: input,hidraw0: USB HID v1.01 Keyboard [Dygma Raise] on usb-0000:00:14.0-4.1/input2
Mar 21 12:03:44 katana kernel: input: Dygma Raise as /devices/pci0000:00/0000:00:14.0/usb1/1-4/1-4.1/1-4.1:1.3/0003:1209:2201.0002/input/input6
Mar 21 12:03:44 katana kernel: hid-generic 0003:1209:2201.0002: input,hidraw1: USB HID v1.01 Mouse [Dygma Raise] on usb-0000:00:14.0-4.1/input3
Mar 21 12:03:44 katana kernel: input: GeneralPlus USB Audio Device as /devices/pci0000:00/0000:00:14.0/usb1/1-7/1-7.3/1-7.3:1.3/0003:1B3F:2008.0003/input/input7
Mar 21 12:03:44 katana kernel: hid-generic 0003:1B3F:2008.0003: input,hidraw2: USB HID v2.01 Device [GeneralPlus USB Audio Device] on usb-0000:00:14.0-7.3/input3
Mar 21 12:03:44 katana kernel: input: Hailuck Co.,Ltd USB KEYBOARD as /devices/pci0000:00/0000:00:14.0/usb1/1-4/1-4.2/1-4.2:1.0/0003:258E:000F.0004/input/input8
Mar 21 12:03:44 katana kernel: usb 1-8.5: New USB device found, idVendor=0db0, idProduct=0d08, bcdDevice= 1.00
Mar 21 12:03:44 katana kernel: usb 1-8.5: New USB device strings: Mfr=1, Product=2, SerialNumber=0
Mar 21 12:03:44 katana kernel: usb 1-8.5: Product: MSI GM08 OpticalMouse
Mar 21 12:03:44 katana kernel: usb 1-8.5: Manufacturer: PixArt
Mar 21 12:03:44 katana kernel: input: PixArt MSI GM08 OpticalMouse as /devices/pci0000:00/0000:00:14.0/usb1/1-8/1-8.5/1-8.5:1.0/0003:0DB0:0D08.000C/input/input9
Mar 21 12:03:44 katana kernel: hid-generic 0003:258E:000F.0004: input,hidraw3: USB HID v1.11 Keyboard [Hailuck Co.,Ltd USB KEYBOARD] on usb-0000:00:14.0-4.2/input0
Mar 21 12:03:44 katana kernel: hid-generic 0003:0DB0:0D08.000C: input,hidraw4: USB HID v1.11 Mouse [PixArt MSI GM08 OpticalMouse] on usb-0000:00:14.0-8.5/input0
Mar 21 12:03:44 katana kernel: input: Hailuck Co.,Ltd USB KEYBOARD Consumer Control as /devices/pci0000:00/0000:00:14.0/usb1/1-4/1-4.2/1-4.2:1.1/0003:258E:000F.0005/input/input10
Mar 21 12:03:44 katana kernel: input: PixArt MSI GM08 OpticalMouse Keyboard as /devices/pci0000:00/0000:00:14.0/usb1/1-8/1-8.5/1-8.5:1.1/0003:0DB0:0D08.000D/input/input13
Mar 21 12:03:44 katana kernel: input: Hailuck Co.,Ltd USB KEYBOARD Keyboard as /devices/pci0000:00/0000:00:14.0/usb1/1-4/1-4.2/1-4.2:1.1/0003:258E:000F.0005/input/input11
Mar 21 12:03:44 katana kernel: usb 1-4.4: new high-speed USB device number 14 using xhci_hcd
Mar 21 12:03:44 katana kernel: hid-generic 0003:0DB0:0D08.000D: input,hiddev0,hidraw5: USB HID v1.11 Keyboard [PixArt MSI GM08 OpticalMouse] on usb-0000:00:14.0-8.5/input1
Mar 21 12:03:44 katana kernel: hid-generic 0003:258E:000F.0005: input,hiddev1,hidraw6: USB HID v1.11 Keyboard [Hailuck Co.,Ltd USB KEYBOARD] on usb-0000:00:14.0-4.2/input1
Mar 21 12:03:44 katana kernel: input: MSI MYSTIC LIGHT  as /devices/pci0000:00/0000:00:14.0/usb1/1-10/1-10:1.0/0003:1462:B926.0006/input/input14
Mar 21 12:03:44 katana kernel: hid-generic 0003:1462:B926.0006: input,hiddev2,hidraw7: USB HID v1.10 Device [MSI MYSTIC LIGHT ] on usb-0000:00:14.0-10/input0
Mar 21 12:03:44 katana kernel: input: Micro-Star INT'L CO., LTD. MSI GK20 Gaming Keyboard as /devices/pci0000:00/0000:00:14.0/usb1/1-8/1-8.1/1-8.1:1.0/0003:0B20:0DB0.0007/input/input15
Mar 21 12:03:44 katana kernel: hid-generic 0003:0B20:0DB0.0007: input,hidraw8: USB HID v1.10 Keyboard [Micro-Star INT'L CO., LTD. MSI GK20 Gaming Keyboard] on usb-0000:00:14.0-8.1/input0
Mar 21 12:03:44 katana kernel: input: Micro-Star INT'L CO., LTD. MSI GK20 Gaming Keyboard Consumer Control as /devices/pci0000:00/0000:00:14.0/usb1/1-8/1-8.1/1-8.1:1.1/0003:0B20:0DB0.0008/input/input16
Mar 21 12:03:44 katana kernel: input: Micro-Star INT'L CO., LTD. MSI GK20 Gaming Keyboard System Control as /devices/pci0000:00/0000:00:14.0/usb1/1-8/1-8.1/1-8.1:1.1/0003:0B20:0DB0.0008/input/input17
Mar 21 12:03:44 katana kernel: input: Micro-Star INT'L CO., LTD. MSI GK20 Gaming Keyboard as /devices/pci0000:00/0000:00:14.0/usb1/1-8/1-8.1/1-8.1:1.1/0003:0B20:0DB0.0008/input/input19
Mar 21 12:03:44 katana kernel: hid-generic 0003:0B20:0DB0.0008: input,hiddev3,hidraw9: USB HID v1.10 Keyboard [Micro-Star INT'L CO., LTD. MSI GK20 Gaming Keyboard] on usb-0000:00:14.0-8.1/input1
Mar 21 12:03:44 katana kernel: input: Logitech USB Receiver as /devices/pci0000:00/0000:00:14.0/usb1/1-4/1-4.3/1-4.3:1.0/0003:046D:C548.0009/input/input20
Mar 21 12:03:44 katana kernel: usb 1-4.4: New USB device found, idVendor=05e3, idProduct=0751, bcdDevice=14.04
Mar 21 12:03:44 katana kernel: usb 1-4.4: New USB device strings: Mfr=3, Product=4, SerialNumber=0
Mar 21 12:03:44 katana kernel: usb 1-4.4: Product: USB Storage
Mar 21 12:03:44 katana kernel: usb 1-4.4: Manufacturer: USB Storage
Mar 21 12:03:44 katana kernel: usb-storage 1-4.4:1.0: USB Mass Storage device detected
Mar 21 12:03:44 katana kernel: scsi host6: usb-storage 1-4.4:1.0
Mar 21 12:03:44 katana kernel: usbcore: registered new interface driver usb-storage
Mar 21 12:03:44 katana kernel: usbcore: registered new interface driver uas
Mar 21 12:03:44 katana kernel: hid-generic 0003:046D:C548.0009: input,hidraw10: USB HID v1.11 Keyboard [Logitech USB Receiver] on usb-0000:00:14.0-4.3/input0
Mar 21 12:03:44 katana kernel: input: Logitech USB Receiver Mouse as /devices/pci0000:00/0000:00:14.0/usb1/1-4/1-4.3/1-4.3:1.1/0003:046D:C548.000A/input/input21
Mar 21 12:03:44 katana kernel: input: Logitech USB Receiver Consumer Control as /devices/pci0000:00/0000:00:14.0/usb1/1-4/1-4.3/1-4.3:1.1/0003:046D:C548.000A/input/input22
Mar 21 12:03:44 katana kernel: input: Logitech USB Receiver System Control as /devices/pci0000:00/0000:00:14.0/usb1/1-4/1-4.3/1-4.3:1.1/0003:046D:C548.000A/input/input23
Mar 21 12:03:44 katana kernel: hid-generic 0003:046D:C548.000A: input,hidraw11: USB HID v1.11 Mouse [Logitech USB Receiver] on usb-0000:00:14.0-4.3/input1
Mar 21 12:03:44 katana kernel: hid-generic 0003:046D:C548.000B: hiddev4,hidraw12: USB HID v1.11 Device [Logitech USB Receiver] on usb-0000:00:14.0-4.3/input2
Mar 21 12:03:44 katana kernel: raid6: avx2x4   gen() 50154 MB/s
Mar 21 12:03:44 katana kernel: raid6: avx2x2   gen() 48068 MB/s
Mar 21 12:03:44 katana kernel: raid6: avx2x1   gen() 41283 MB/s
Mar 21 12:03:44 katana kernel: raid6: using algorithm avx2x4 gen() 50154 MB/s
Mar 21 12:03:44 katana kernel: raid6: .... xor() 14500 MB/s, rmw enabled
Mar 21 12:03:44 katana kernel: raid6: using avx2x2 recovery algorithm
Mar 21 12:03:44 katana kernel: xor: automatically using best checksumming function   avx       
Mar 21 12:03:44 katana kernel: async_tx: api initialized (async)
Mar 21 12:03:44 katana kernel: Btrfs loaded, zoned=yes, fsverity=yes
Mar 21 12:03:44 katana kernel: fbcon: Taking over console
Mar 21 12:03:44 katana kernel: Console: switching to colour frame buffer device 210x65
Mar 21 12:03:44 katana kernel: EXT4-fs (nvme1n1p2): mounted filesystem 8c0f1071-8f25-479b-bbc2-d9f64cf3290b ro with ordered data mode. Quota mode: none.
Mar 21 12:03:44 katana systemd[1]: Inserted module 'autofs4'
Mar 21 12:03:44 katana systemd[1]: systemd 255.4-1ubuntu8.12 running in system mode (+PAM +AUDIT +SELINUX +APPARMOR +IMA +SMACK +SECCOMP +GCRYPT -GNUTLS +OPENSSL +ACL +BLKID +CURL +ELFUTILS +FIDO2 +IDN2 -IDN +IPTC +KMOD +LIBCRYPTSETUP +LIBFDISK +PCRE2 -PWQUALITY +P11KIT +QRENCODE +TPM2 +BZIP2 +LZ4 +XZ +ZLIB +ZSTD -BPF_FRAMEWORK -XKBCOMMON +UTMP +SYSVINIT default-hierarchy=unified)
Mar 21 12:03:44 katana systemd[1]: Detected architecture x86-64.
Mar 21 12:03:44 katana systemd[1]: Hostname set to <katana>.
Mar 21 12:03:44 katana systemd[1]: Queued start job for default target graphical.target.
Mar 21 12:03:44 katana systemd[1]: Created slice machine.slice - Virtual Machine and Container Slice.
Mar 21 12:03:44 katana systemd[1]: Created slice system-modprobe.slice - Slice /system/modprobe.
Mar 21 12:03:44 katana systemd[1]: Created slice system-systemd\x2dfsck.slice - Slice /system/systemd-fsck.
Mar 21 12:03:44 katana systemd[1]: Created slice user.slice - User and Session Slice.
Mar 21 12:03:44 katana systemd[1]: Started systemd-ask-password-wall.path - Forward Password Requests to Wall Directory Watch.
Mar 21 12:03:44 katana systemd[1]: Set up automount proc-sys-fs-binfmt_misc.automount - Arbitrary Executable File Formats File System Automount Point.
Mar 21 12:03:44 katana systemd[1]: Expecting device dev-disk-by\x2duuid-AB0B\x2d743A.device - /dev/disk/by-uuid/AB0B-743A...
Mar 21 12:03:44 katana systemd[1]: Reached target integritysetup.target - Local Integrity Protected Volumes.
Mar 21 12:03:44 katana systemd[1]: Reached target nss-user-lookup.target - User and Group Name Lookups.
Mar 21 12:03:44 katana systemd[1]: Reached target slices.target - Slice Units.
Mar 21 12:03:44 katana systemd[1]: Reached target snapd.mounts-pre.target - Mounting snaps.
Mar 21 12:03:44 katana systemd[1]: Reached target veritysetup.target - Local Verity Protected Volumes.
Mar 21 12:03:44 katana systemd[1]: Reached target virt-guest-shutdown.target - libvirt guests shutdown target.
Mar 21 12:03:44 katana systemd[1]: Listening on dm-event.socket - Device-mapper event daemon FIFOs.
Mar 21 12:03:44 katana systemd[1]: Listening on lvm2-lvmpolld.socket - LVM2 poll daemon socket.
Mar 21 12:03:44 katana systemd[1]: Listening on rpcbind.socket - RPCbind Server Activation Socket.
Mar 21 12:03:44 katana systemd[1]: Listening on syslog.socket - Syslog Socket.
Mar 21 12:03:44 katana systemd[1]: Listening on systemd-fsckd.socket - fsck to fsckd communication Socket.
Mar 21 12:03:44 katana systemd[1]: Listening on systemd-initctl.socket - initctl Compatibility Named Pipe.
Mar 21 12:03:44 katana systemd[1]: Listening on systemd-journald-dev-log.socket - Journal Socket (/dev/log).
Mar 21 12:03:44 katana systemd[1]: Listening on systemd-journald.socket - Journal Socket.
Mar 21 12:03:44 katana systemd[1]: Listening on systemd-oomd.socket - Userspace Out-Of-Memory (OOM) Killer Socket.
Mar 21 12:03:44 katana systemd[1]: systemd-pcrextend.socket - TPM2 PCR Extension (Varlink) was skipped because of an unmet condition check (ConditionSecurity=measured-uki).
Mar 21 12:03:44 katana systemd[1]: Listening on systemd-udevd-control.socket - udev Control Socket.
Mar 21 12:03:44 katana systemd[1]: Listening on systemd-udevd-kernel.socket - udev Kernel Socket.
Mar 21 12:03:44 katana systemd[1]: Mounting dev-hugepages.mount - Huge Pages File System...
Mar 21 12:03:44 katana systemd[1]: Mounting dev-mqueue.mount - POSIX Message Queue File System...
Mar 21 12:03:44 katana systemd[1]: Mounting sys-kernel-debug.mount - Kernel Debug File System...
Mar 21 12:03:44 katana systemd[1]: Mounting sys-kernel-tracing.mount - Kernel Trace File System...
Mar 21 12:03:44 katana systemd[1]: Starting systemd-journald.service - Journal Service...
Mar 21 12:03:44 katana systemd[1]: auth-rpcgss-module.service - Kernel Module supporting RPCSEC_GSS was skipped because of an unmet condition check (ConditionPathExists=/etc/krb5.keytab).
Mar 21 12:03:44 katana systemd[1]: Finished blk-availability.service - Availability of block devices.
Mar 21 12:03:44 katana systemd[1]: Starting keyboard-setup.service - Set the console keyboard layout...
Mar 21 12:03:44 katana systemd[1]: Starting kmod-static-nodes.service - Create List of Static Device Nodes...
Mar 21 12:03:44 katana systemd[1]: Starting modprobe@configfs.service - Load Kernel Module configfs...
Mar 21 12:03:44 katana systemd[1]: Starting modprobe@dm_mod.service - Load Kernel Module dm_mod...
Mar 21 12:03:44 katana systemd[1]: Starting modprobe@drm.service - Load Kernel Module drm...
Mar 21 12:03:44 katana systemd[1]: Starting modprobe@efi_pstore.service - Load Kernel Module efi_pstore...
Mar 21 12:03:44 katana systemd[1]: Starting modprobe@fuse.service - Load Kernel Module fuse...
Mar 21 12:03:44 katana systemd[1]: Starting modprobe@loop.service - Load Kernel Module loop...
Mar 21 12:03:44 katana systemd[1]: systemd-fsck-root.service - File System Check on Root Device was skipped because of an unmet condition check (ConditionPathExists=!/run/initramfs/fsck-root).
Mar 21 12:03:44 katana systemd[1]: Starting systemd-modules-load.service - Load Kernel Modules...
Mar 21 12:03:44 katana systemd[1]: systemd-pcrmachine.service - TPM2 PCR Machine ID Measurement was skipped because of an unmet condition check (ConditionSecurity=measured-uki).
Mar 21 12:03:44 katana kernel: pstore: Using crash dump compression: deflate
Mar 21 12:03:44 katana systemd[1]: Starting systemd-remount-fs.service - Remount Root and Kernel File Systems...
Mar 21 12:03:44 katana systemd[1]: systemd-tpm2-setup-early.service - TPM2 SRK Setup (Early) was skipped because of an unmet condition check (ConditionSecurity=measured-uki).
Mar 21 12:03:44 katana systemd[1]: Starting systemd-udev-trigger.service - Coldplug All udev Devices...
Mar 21 12:03:44 katana systemd[1]: Mounted dev-hugepages.mount - Huge Pages File System.
Mar 21 12:03:44 katana systemd[1]: Mounted dev-mqueue.mount - POSIX Message Queue File System.
Mar 21 12:03:44 katana systemd[1]: Mounted sys-kernel-debug.mount - Kernel Debug File System.
Mar 21 12:03:44 katana systemd[1]: Mounted sys-kernel-tracing.mount - Kernel Trace File System.
Mar 21 12:03:44 katana systemd[1]: Finished kmod-static-nodes.service - Create List of Static Device Nodes.
Mar 21 12:03:44 katana systemd[1]: modprobe@configfs.service: Deactivated successfully.
Mar 21 12:03:44 katana systemd[1]: Finished modprobe@configfs.service - Load Kernel Module configfs.
Mar 21 12:03:44 katana systemd[1]: modprobe@dm_mod.service: Deactivated successfully.
Mar 21 12:03:44 katana systemd[1]: Finished modprobe@dm_mod.service - Load Kernel Module dm_mod.
Mar 21 12:03:44 katana systemd[1]: modprobe@drm.service: Deactivated successfully.
Mar 21 12:03:44 katana systemd[1]: Finished modprobe@drm.service - Load Kernel Module drm.
Mar 21 12:03:44 katana systemd-journald[389]: Collecting audit messages is disabled.
Mar 21 12:03:44 katana systemd[1]: modprobe@fuse.service: Deactivated successfully.
Mar 21 12:03:44 katana systemd[1]: Finished modprobe@fuse.service - Load Kernel Module fuse.
Mar 21 12:03:44 katana systemd[1]: modprobe@loop.service: Deactivated successfully.
Mar 21 12:03:44 katana systemd[1]: Finished modprobe@loop.service - Load Kernel Module loop.
Mar 21 12:03:44 katana systemd[1]: Mounting sys-fs-fuse-connections.mount - FUSE Control File System...
Mar 21 12:03:44 katana systemd[1]: Mounting sys-kernel-config.mount - Kernel Configuration File System...
Mar 21 12:03:44 katana systemd[1]: systemd-repart.service - Repartition Root Disk was skipped because no trigger condition checks were met.
Mar 21 12:03:44 katana systemd[1]: Starting systemd-tmpfiles-setup-dev-early.service - Create Static Device Nodes in /dev gracefully...
Mar 21 12:03:44 katana systemd[1]: Mounted sys-fs-fuse-connections.mount - FUSE Control File System.
Mar 21 12:03:44 katana systemd[1]: Mounted sys-kernel-config.mount - Kernel Configuration File System.
Mar 21 12:03:44 katana kernel: lp: driver loaded but no devices found
Mar 21 12:03:44 katana kernel: EXT4-fs (nvme1n1p2): re-mounted 8c0f1071-8f25-479b-bbc2-d9f64cf3290b r/w.
Mar 21 12:03:44 katana kernel: ppdev: user-space parallel port driver
Mar 21 12:03:44 katana kernel: pstore: Registered efi_pstore as persistent store backend
Mar 21 12:03:44 katana systemd[1]: modprobe@efi_pstore.service: Deactivated successfully.
Mar 21 12:03:44 katana systemd[1]: Finished modprobe@efi_pstore.service - Load Kernel Module efi_pstore.
Mar 21 12:03:44 katana systemd[1]: Finished systemd-remount-fs.service - Remount Root and Kernel File Systems.
Mar 21 12:03:44 katana systemd[1]: Activating swap swapfile.swap - /swapfile...
Mar 21 12:03:44 katana systemd[1]: systemd-hwdb-update.service - Rebuild Hardware Database was skipped because of an unmet condition check (ConditionNeedsUpdate=/etc).
Mar 21 12:03:44 katana systemd[1]: systemd-pstore.service - Platform Persistent Storage Archival was skipped because of an unmet condition check (ConditionDirectoryNotEmpty=/sys/fs/pstore).
Mar 21 12:03:44 katana systemd[1]: Starting systemd-random-seed.service - Load/Save OS Random Seed...
Mar 21 12:03:44 katana systemd[1]: systemd-tpm2-setup.service - TPM2 SRK Setup was skipped because of an unmet condition check (ConditionSecurity=measured-uki).
Mar 21 12:03:44 katana kernel: Adding 4194300k swap on /swapfile.  Priority:-2 extents:164 across:652075004k SS
Mar 21 12:03:44 katana systemd[1]: Finished systemd-tmpfiles-setup-dev-early.service - Create Static Device Nodes in /dev gracefully.
Mar 21 12:03:44 katana systemd[1]: Activated swap swapfile.swap - /swapfile.
Mar 21 12:03:44 katana systemd[1]: Reached target swap.target - Swaps.
Mar 21 12:03:44 katana systemd[1]: systemd-sysusers.service - Create System Users was skipped because no trigger condition checks were met.
Mar 21 12:03:44 katana systemd[1]: Starting systemd-tmpfiles-setup-dev.service - Create Static Device Nodes in /dev...
Mar 21 12:03:44 katana systemd[1]: Finished systemd-tmpfiles-setup-dev.service - Create Static Device Nodes in /dev.
Mar 21 12:03:44 katana systemd[1]: Finished systemd-modules-load.service - Load Kernel Modules.
Mar 21 12:03:44 katana systemd[1]: Starting systemd-sysctl.service - Apply Kernel Variables...
Mar 21 12:03:44 katana systemd[1]: Starting systemd-udevd.service - Rule-based Manager for Device Events and Files...
Mar 21 12:03:44 katana systemd[1]: Finished keyboard-setup.service - Set the console keyboard layout.
Mar 21 12:03:44 katana systemd[1]: Reached target local-fs-pre.target - Preparation for Local File Systems.
Mar 21 12:03:44 katana systemd[1]: Mounting run-qemu.mount - Prepare /run/qemu to allow still running qemu binaries of former builds (after package upgrades) to fallback-load modules from there...
Mar 21 12:03:44 katana systemd[1]: Mounting snap-bare-5.mount - Mount unit for bare, revision 5...
Mar 21 12:03:44 katana systemd[1]: Mounting snap-core-17272.mount - Mount unit for core, revision 17272...
Mar 21 12:03:44 katana kernel: loop0: detected capacity change from 0 to 8
Mar 21 12:03:44 katana systemd[1]: Mounting snap-core-17284.mount - Mount unit for core, revision 17284...
Mar 21 12:03:44 katana kernel: loop1: detected capacity change from 0 to 215000
Mar 21 12:03:44 katana systemd[1]: Mounting snap-core18-2999.mount - Mount unit for core18, revision 2999...
Mar 21 12:03:44 katana systemd[1]: Mounting snap-core20-2717.mount - Mount unit for core20, revision 2717...
Mar 21 12:03:44 katana kernel: loop2: detected capacity change from 0 to 215328
Mar 21 12:03:44 katana systemd[1]: Mounting snap-core22-2339.mount - Mount unit for core22, revision 2339...
Mar 21 12:03:44 katana kernel: loop3: detected capacity change from 0 to 113640
Mar 21 12:03:44 katana kernel: loop4: detected capacity change from 0 to 130608
Mar 21 12:03:44 katana kernel: loop5: detected capacity change from 0 to 151456
Mar 21 12:03:44 katana systemd[1]: Mounting snap-core22-2411.mount - Mount unit for core22, revision 2411...
Mar 21 12:03:44 katana systemd[1]: Mounting snap-core24-1349.mount - Mount unit for core24, revision 1349...
Mar 21 12:03:44 katana systemd[1]: Mounting snap-core24-1499.mount - Mount unit for core24, revision 1499...
Mar 21 12:03:44 katana systemd[1]: Mounting snap-firefox-7901.mount - Mount unit for firefox, revision 7901...
Mar 21 12:03:44 katana kernel: loop6: detected capacity change from 0 to 151512
Mar 21 12:03:44 katana kernel: loop7: detected capacity change from 0 to 136912
Mar 21 12:03:44 katana systemd[1]: Mounting snap-firefox-7967.mount - Mount unit for firefox, revision 7967...
Mar 21 12:03:44 katana kernel: loop8: detected capacity change from 0 to 136872
Mar 21 12:03:44 katana systemd[1]: Mounting snap-git\x2drepo-18.mount - Mount unit for git-repo, revision 18...
Mar 21 12:03:44 katana kernel: loop9: detected capacity change from 0 to 521368
Mar 21 12:03:44 katana systemd[1]: Mounting snap-gnome\x2d3\x2d34\x2d1804-93.mount - Mount unit for gnome-3-34-1804, revision 93...
Mar 21 12:03:44 katana kernel: loop10: detected capacity change from 0 to 522136
Mar 21 12:03:44 katana systemd[1]: Mounting snap-gnome\x2d3\x2d38\x2d2004-143.mount - Mount unit for gnome-3-38-2004, revision 143...
Mar 21 12:03:44 katana kernel: loop11: detected capacity change from 0 to 95992
Mar 21 12:03:44 katana systemd[1]: Mounting snap-gnome\x2d42\x2d2204-247.mount - Mount unit for gnome-42-2204, revision 247...
Mar 21 12:03:44 katana kernel: loop12: detected capacity change from 0 to 447264
Mar 21 12:03:44 katana systemd[1]: Mounting snap-gnome\x2d46\x2d2404-153.mount - Mount unit for gnome-46-2404, revision 153...
Mar 21 12:03:44 katana kernel: loop13: detected capacity change from 0 to 716176
Mar 21 12:03:44 katana systemd[1]: Mounting snap-gping-13.mount - Mount unit for gping, revision 13...
Mar 21 12:03:44 katana systemd[1]: Mounting snap-gtk\x2dcommon\x2dthemes-1535.mount - Mount unit for gtk-common-themes, revision 1535...
Mar 21 12:03:44 katana kernel: loop14: detected capacity change from 0 to 1088256
Mar 21 12:03:44 katana systemd[1]: Mounting snap-hunspell\x2ddictionaries\x2d1\x2d7\x2d2004-2.mount - Mount unit for hunspell-dictionaries-1-7-2004, revision 2...
Mar 21 12:03:44 katana kernel: loop15: detected capacity change from 0 to 1241248
Mar 21 12:03:44 katana systemd[1]: Mounting snap-kicad-22.mount - Mount unit for kicad, revision 22...
